Archive member included to satisfy reference by file (symbol)

C:/ST/STM32CubeIDE_1.16.0/STM32CubeIDE/plugins/com.st.stm32cube.ide.mcu.externaltools.gnu-tools-for-stm32.12.3.rel1.win32_1.0.200.202406191623/tools/bin/../lib/gcc/arm-none-eabi/12.3.1/../../../../arm-none-eabi/lib/thumb/v7e-m+fp/hard\libc_nano.a(libc_a-exit.o)
                              C:/ST/STM32CubeIDE_1.16.0/STM32CubeIDE/plugins/com.st.stm32cube.ide.mcu.externaltools.gnu-tools-for-stm32.12.3.rel1.win32_1.0.200.202406191623/tools/bin/../lib/gcc/arm-none-eabi/12.3.1/../../../../arm-none-eabi/lib/thumb/v7e-m+fp/hard/crt0.o (exit)
C:/ST/STM32CubeIDE_1.16.0/STM32CubeIDE/plugins/com.st.stm32cube.ide.mcu.externaltools.gnu-tools-for-stm32.12.3.rel1.win32_1.0.200.202406191623/tools/bin/../lib/gcc/arm-none-eabi/12.3.1/../../../../arm-none-eabi/lib/thumb/v7e-m+fp/hard\libc_nano.a(libc_a-findfp.o)
                              ./Middlewares/FreeRTOS/tasks.o (__sf)
C:/ST/STM32CubeIDE_1.16.0/STM32CubeIDE/plugins/com.st.stm32cube.ide.mcu.externaltools.gnu-tools-for-stm32.12.3.rel1.win32_1.0.200.202406191623/tools/bin/../lib/gcc/arm-none-eabi/12.3.1/../../../../arm-none-eabi/lib/thumb/v7e-m+fp/hard\libc_nano.a(libc_a-fwalk.o)
                              C:/ST/STM32CubeIDE_1.16.0/STM32CubeIDE/plugins/com.st.stm32cube.ide.mcu.externaltools.gnu-tools-for-stm32.12.3.rel1.win32_1.0.200.202406191623/tools/bin/../lib/gcc/arm-none-eabi/12.3.1/../../../../arm-none-eabi/lib/thumb/v7e-m+fp/hard\libc_nano.a(libc_a-findfp.o) (_fwalk_sglue)
C:/ST/STM32CubeIDE_1.16.0/STM32CubeIDE/plugins/com.st.stm32cube.ide.mcu.externaltools.gnu-tools-for-stm32.12.3.rel1.win32_1.0.200.202406191623/tools/bin/../lib/gcc/arm-none-eabi/12.3.1/../../../../arm-none-eabi/lib/thumb/v7e-m+fp/hard\libc_nano.a(libc_a-stdio.o)
                              C:/ST/STM32CubeIDE_1.16.0/STM32CubeIDE/plugins/com.st.stm32cube.ide.mcu.externaltools.gnu-tools-for-stm32.12.3.rel1.win32_1.0.200.202406191623/tools/bin/../lib/gcc/arm-none-eabi/12.3.1/../../../../arm-none-eabi/lib/thumb/v7e-m+fp/hard\libc_nano.a(libc_a-findfp.o) (__sread)
C:/ST/STM32CubeIDE_1.16.0/STM32CubeIDE/plugins/com.st.stm32cube.ide.mcu.externaltools.gnu-tools-for-stm32.12.3.rel1.win32_1.0.200.202406191623/tools/bin/../lib/gcc/arm-none-eabi/12.3.1/../../../../arm-none-eabi/lib/thumb/v7e-m+fp/hard\libc_nano.a(libc_a-memset.o)
                              C:/ST/STM32CubeIDE_1.16.0/STM32CubeIDE/plugins/com.st.stm32cube.ide.mcu.externaltools.gnu-tools-for-stm32.12.3.rel1.win32_1.0.200.202406191623/tools/bin/../lib/gcc/arm-none-eabi/12.3.1/../../../../arm-none-eabi/lib/thumb/v7e-m+fp/hard/crt0.o (memset)
C:/ST/STM32CubeIDE_1.16.0/STM32CubeIDE/plugins/com.st.stm32cube.ide.mcu.externaltools.gnu-tools-for-stm32.12.3.rel1.win32_1.0.200.202406191623/tools/bin/../lib/gcc/arm-none-eabi/12.3.1/../../../../arm-none-eabi/lib/thumb/v7e-m+fp/hard\libc_nano.a(libc_a-closer.o)
                              C:/ST/STM32CubeIDE_1.16.0/STM32CubeIDE/plugins/com.st.stm32cube.ide.mcu.externaltools.gnu-tools-for-stm32.12.3.rel1.win32_1.0.200.202406191623/tools/bin/../lib/gcc/arm-none-eabi/12.3.1/../../../../arm-none-eabi/lib/thumb/v7e-m+fp/hard\libc_nano.a(libc_a-stdio.o) (_close_r)
C:/ST/STM32CubeIDE_1.16.0/STM32CubeIDE/plugins/com.st.stm32cube.ide.mcu.externaltools.gnu-tools-for-stm32.12.3.rel1.win32_1.0.200.202406191623/tools/bin/../lib/gcc/arm-none-eabi/12.3.1/../../../../arm-none-eabi/lib/thumb/v7e-m+fp/hard\libc_nano.a(libc_a-reent.o)
                              ./Middlewares/FreeRTOS/tasks.o (_reclaim_reent)
C:/ST/STM32CubeIDE_1.16.0/STM32CubeIDE/plugins/com.st.stm32cube.ide.mcu.externaltools.gnu-tools-for-stm32.12.3.rel1.win32_1.0.200.202406191623/tools/bin/../lib/gcc/arm-none-eabi/12.3.1/../../../../arm-none-eabi/lib/thumb/v7e-m+fp/hard\libc_nano.a(libc_a-impure.o)
                              ./Middlewares/FreeRTOS/tasks.o (_impure_ptr)
C:/ST/STM32CubeIDE_1.16.0/STM32CubeIDE/plugins/com.st.stm32cube.ide.mcu.externaltools.gnu-tools-for-stm32.12.3.rel1.win32_1.0.200.202406191623/tools/bin/../lib/gcc/arm-none-eabi/12.3.1/../../../../arm-none-eabi/lib/thumb/v7e-m+fp/hard\libc_nano.a(libc_a-lseekr.o)
                              C:/ST/STM32CubeIDE_1.16.0/STM32CubeIDE/plugins/com.st.stm32cube.ide.mcu.externaltools.gnu-tools-for-stm32.12.3.rel1.win32_1.0.200.202406191623/tools/bin/../lib/gcc/arm-none-eabi/12.3.1/../../../../arm-none-eabi/lib/thumb/v7e-m+fp/hard\libc_nano.a(libc_a-stdio.o) (_lseek_r)
C:/ST/STM32CubeIDE_1.16.0/STM32CubeIDE/plugins/com.st.stm32cube.ide.mcu.externaltools.gnu-tools-for-stm32.12.3.rel1.win32_1.0.200.202406191623/tools/bin/../lib/gcc/arm-none-eabi/12.3.1/../../../../arm-none-eabi/lib/thumb/v7e-m+fp/hard\libc_nano.a(libc_a-readr.o)
[...]
Memory Configuration

Name             Origin             Length             Attributes
RAM              0x20000000         0x00010000         xrw
FLASH            0x08000000         0x00040000         xr
*default*        0x00000000         0xffffffff

Linker script and memory map

LOAD C:/ST/STM32CubeIDE_1.16.0/STM32CubeIDE/plugins/com.st.stm32cube.ide.mcu.externaltools.gnu-tools-for-stm32.12.3.rel1.win32_1.0.200.202406191623/tools/bin/../lib/gcc/arm-none-eabi/12.3.1/thumb/v7e-m+fp/hard/crti.o
LOAD C:/ST/STM32CubeIDE_1.16.0/STM32CubeIDE/plugins/com.st.stm32cube.ide.mcu.externaltools.gnu-tools-for-stm32.12.3.rel1.win32_1.0.200.202406191623/tools/bin/../lib/gcc/arm-none-eabi/12.3.1/thumb/v7e-m+fp/hard/crtbegin.o
LOAD C:/ST/STM32CubeIDE_1.16.0/STM32CubeIDE/plugins/com.st.stm32cube.ide.mcu.externaltools.gnu-tools-for-stm32.12.3.rel1.win32_1.0.200.202406191623/tools/bin/../lib/gcc/arm-none-eabi/12.3.1/../../../../arm-none-eabi/lib/thumb/v7e-m+fp/hard/crt0.o
LOAD ./Core/Src/freertos.o
LOAD ./Core/Src/gpio.o
LOAD ./Core/Src/main.o
LOAD ./Core/Src/spi.o
LOAD ./Core/Src/stm32f4xx_hal_msp.o
LOAD ./Core/Src/stm32f4xx_hal_timebase_tim.o
LOAD ./Core/Src/stm32f4xx_it.o
LOAD ./Core/Src/syscalls.o
LOAD ./Core/Src/sysmem.o
LOAD ./Core/Src/system_stm32f4xx.o
LOAD ./Core/Src/tim.o
LOAD ./Core/Src/usart.o
LOAD ./Core/Startup/startup_stm32f401rctx.o
LOAD ./Drivers/STM32F4xx_HAL_Driver/stm32f4xx_hal.o
LOAD ./Drivers/STM32F4xx_HAL_Driver/stm32f4xx_hal_cortex.o
LOAD ./Drivers/STM32F4xx_HAL_Driver/stm32f4xx_hal_dma.o
LOAD ./Drivers/STM32F4xx_HAL_Driver/stm32f4xx_hal_dma_ex.o
LOAD ./Drivers/STM32F4xx_HAL_Driver/stm32f4xx_hal_exti.o
LOAD ./Drivers/STM32F4xx_HAL_Driver/stm32f4xx_hal_flash.o
LOAD ./Drivers/STM32F4xx_HAL_Driver/stm32f4xx_hal_flash_ex.o
LOAD ./Drivers/STM32F4xx_HAL_Driver/stm32f4xx_hal_flash_ramfunc.o
LOAD ./Drivers/STM32F4xx_HAL_Driver/stm32f4xx_hal_gpio.o
LOAD ./Drivers/STM32F4xx_HAL_Driver/stm32f4xx_hal_pcd.o
LOAD ./Drivers/STM32F4xx_HAL_Driver/stm32f4xx_hal_pcd_ex.o
LOAD ./Drivers/STM32F4xx_HAL_Driver/stm32f4xx_hal_pwr.o
LOAD ./Drivers/STM32F4xx_HAL_Driver/stm32f4xx_hal_pwr_ex.o
LOAD ./Drivers/STM32F4xx_HAL_Driver/stm32f4xx_hal_rcc.o
LOAD ./Drivers/STM32F4xx_HAL_Driver/stm32f4xx_hal_rcc_ex.o
LOAD ./Drivers/STM32F4xx_HAL_Driver/stm32f4xx_hal_spi.o
LOAD ./Drivers/STM32F4xx_HAL_Driver/stm32f4xx_hal_tim.o
LOAD ./Drivers/STM32F4xx_HAL_Driver/stm32f4xx_hal_tim_ex.o
LOAD ./Drivers/STM32F4xx_HAL_Driver/stm32f4xx_hal_uart.o
LOAD ./Drivers/STM32F4xx_HAL_Driver/stm32f4xx_ll_usb.o
LOAD ./HAL/servo_motor/servo.o
LOAD ./HAL/servo_motor/servo_cfg.o
LOAD ./Middlewares/FreeRTOS/cmsis_os2.o
LOAD ./Middlewares/FreeRTOS/croutine.o
LOAD ./Middlewares/FreeRTOS/event_groups.o
LOAD ./Middlewares/FreeRTOS/heap_4.o
LOAD ./Middlewares/FreeRTOS/list.o
LOAD ./Middlewares/FreeRTOS/port.o
LOAD ./Middlewares/FreeRTOS/queue.o
LOAD ./Middlewares/FreeRTOS/stream_buffer.o
LOAD ./Middlewares/FreeRTOS/tasks.o
LOAD ./Middlewares/FreeRTOS/timers.o
LOAD ./Middlewares/USB_Device_Library/usbd_cdc.o
LOAD ./Middlewares/USB_Device_Library/usbd_core.o
LOAD ./Middlewares/USB_Device_Library/usbd_ctlreq.o
LOAD ./Middlewares/USB_Device_Library/usbd_ioreq.o
LOAD ./USB_DEVICE/App/usb_device.o
LOAD ./USB_DEVICE/App/usbd_cdc_if.o
LOAD ./USB_DEVICE/App/usbd_desc.o
LOAD ./USB_DEVICE/Target/usbd_conf.o
START GROUP
LOAD C:/ST/STM32CubeIDE_1.16.0/STM32CubeIDE/plugins/com.st.stm32cube.ide.mcu.externaltools.gnu-tools-for-stm32.12.3.rel1.win32_1.0.200.202406191623/tools/bin/../lib/gcc/arm-none-eabi/12.3.1/../../../../arm-none-eabi/lib/thumb/v7e-m+fp/hard\libc_nano.a
LOAD C:/ST/STM32CubeIDE_1.16.0/STM32CubeIDE/plugins/com.st.stm32cube.ide.mcu.externaltools.gnu-tools-for-stm32.12.3.rel1.win32_1.0.200.202406191623/tools/bin/../lib/gcc/arm-none-eabi/12.3.1/../../../../arm-none-eabi/lib/thumb/v7e-m+fp/hard\libm.a
END GROUP
START GROUP
LOAD C:/ST/STM32CubeIDE_1.16.0/STM32CubeIDE/plugins/com.st.stm32cube.ide.mcu.externaltools.gnu-tools-for-stm32.12.3.rel1.win32_1.0.200.202406191623/tools/bin/../lib/gcc/arm-none-eabi/12.3.1/thumb/v7e-m+fp/hard\libgcc.a
LOAD C:/ST/STM32CubeIDE_1.16.0/STM32CubeIDE/plugins/com.st.stm32cube.ide.mcu.externaltools.gnu-tools-for-stm32.12.3.rel1.win32_1.0.200.202406191623/tools/bin/../lib/gcc/arm-none-eabi/12.3.1/../../../../arm-none-eabi/lib/thumb/v7e-m+fp/hard\libc_nano.a
END GROUP
START GROUP
LOAD C:/ST/STM32CubeIDE_1.16.0/STM32CubeIDE/plugins/com.st.stm32cube.ide.mcu.externaltools.gnu-tools-for-stm32.12.3.rel1.win32_1.0.200.202406191623/tools/bin/../lib/gcc/arm-none-eabi/12.3.1/thumb/v7e-m+fp/hard\libgcc.a
LOAD C:/ST/STM32CubeIDE_1.16.0/STM32CubeIDE/plugins/com.st.stm32cube.ide.mcu.externaltools.gnu-tools-for-stm32.12.3.rel1.win32_1.0.200.202406191623/tools/bin/../lib/gcc/arm-none-eabi/12.3.1/../../../../arm-none-eabi/lib/thumb/v7e-m+fp/hard\libc_nano.a
LOAD C:/ST/STM32CubeIDE_1.16.0/STM32CubeIDE/plugins/com.st.stm32cube.ide.mcu.externaltools.gnu-tools-for-stm32.12.3.rel1.win32_1.0.200.202406191623/tools/bin/../lib/gcc/arm-none-eabi/12.3.1/../../../../arm-none-eabi/lib/thumb/v7e-m+fp/hard\libnosys.a
END GROUP
START GROUP
LOAD C:/ST/STM32CubeIDE_1.16.0/STM32CubeIDE/plugins/com.st.stm32cube.ide.mcu.externaltools.gnu-tools-for-stm32.12.3.rel1.win32_1.0.200.202406191623/tools/bin/../lib/gcc/arm-none-eabi/12.3.1/thumb/v7e-m+fp/hard\libgcc.a
LOAD C:/ST/STM32CubeIDE_1.16.0/STM32CubeIDE/plugins/com.st.stm32cube.ide.mcu.externaltools.gnu-tools-for-stm32.12.3.rel1.win32_1.0.200.202406191623/tools/bin/../lib/gcc/arm-none-eabi/12.3.1/../../../../arm-none-eabi/lib/thumb/v7e-m+fp/hard\libc_nano.a
LOAD C:/ST/STM32CubeIDE_1.16.0/STM32CubeIDE/plugins/com.st.stm32cube.ide.mcu.externaltools.gnu-tools-for-stm32.12.3.rel1.win32_1.0.200.202406191623/tools/bin/../lib/gcc/arm-none-eabi/12.3.1/../../../../arm-none-eabi/lib/thumb/v7e-m+fp/hard\libnosys.a
END GROUP
LOAD C:/ST/STM32CubeIDE_1.16.0/STM32CubeIDE/plugins/com.st.stm32cube.ide.mcu.externaltools.gnu-tools-for-stm32.12.3.rel1.win32_1.0.200.202406191623/tools/bin/../lib/gcc/arm-none-eabi/12.3.1/thumb/v7e-m+fp/hard/crtend.o
LOAD C:/ST/STM32CubeIDE_1.16.0/STM32CubeIDE/plugins/com.st.stm32cube.ide.mcu.externaltools.gnu-tools-for-stm32.12.3.rel1.win32_1.0.200.202406191623/tools/bin/../lib/gcc/arm-none-eabi/12.3.1/thumb/v7e-m+fp/hard/crtn.o
                0x20010000                        _estack = (ORIGIN (RAM) + LENGTH (RAM))
                0x00000200                        _Min_Heap_Size = 0x200
                0x00000400                        _Min_Stack_Size = 0x400

.isr_vector     0x08000000      0x194
                0x08000000                        . = ALIGN (0x4)
 *(.isr_vector)
 .isr_vector    0x08000000      0x194 ./Core/Startup/startup_stm32f401rctx.o
                0x08000000                g_pfnVectors
                0x08000194                        . = ALIGN (0x4)

.text           0x080001a0     0xd678
                0x080001a0                        . = ALIGN (0x4)
 *(.text)
 .text          0x080001a0       0x40 C:/ST/STM32CubeIDE_1.16.0/STM32CubeIDE/plugins/com.st.stm32cube.ide.mcu.externaltools.gnu-tools-for-stm32.12.3.rel1.win32_1.0.200.202406191623/tools/bin/../lib/gcc/arm-none-eabi/12.3.1/thumb/v7e-m+fp/hard/crtbegin.o
 .text          0x080001e0       0x30 C:/ST/STM32CubeIDE_1.16.0/STM32CubeIDE/plugins/com.st.stm32cube.ide.mcu.externaltools.gnu-tools-for-stm32.12.3.rel1.win32_1.0.200.202406191623/tools/bin/../lib/gcc/arm-none-eabi/12.3.1/thumb/v7e-m+fp/hard\libgcc.a(_aeabi_uldivmod.o)
                0x080001e0                __aeabi_uldivmod
 .text          0x08000210      0x2bc C:/ST/STM32CubeIDE_1.16.0/STM32CubeIDE/plugins/com.st.stm32cube.ide.mcu.externaltools.gnu-tools-for-stm32.12.3.rel1.win32_1.0.200.202406191623/tools/bin/../lib/gcc/arm-none-eabi/12.3.1/thumb/v7e-m+fp/hard\libgcc.a(_udivmoddi4.o)
                0x08000210                __udivmoddi4
 .text          0x080004cc        0x4 C:/ST/STM32CubeIDE_1.16.0/STM32CubeIDE/plugins/com.st.stm32cube.ide.mcu.externaltools.gnu-tools-for-stm32.12.3.rel1.win32_1.0.200.202406191623/tools/bin/../lib/gcc/arm-none-eabi/12.3.1/thumb/v7e-m+fp/hard\libgcc.a(_dvmd_tls.o)
                0x080004cc                __aeabi_idiv0
                0x080004cc                __aeabi_ldiv0
 *(.text*)
 .text.MX_FREERTOS_Init
                0x080004d0       0xd8 ./Core/Src/freertos.o
                0x080004d0                MX_FREERTOS_Init
 .text.StartDefaultTask
                0x080005a8       0x14 ./Core/Src/freertos.o
                0x080005a8                StartDefaultTask
 .text.servo_control
                0x080005bc       0x2c ./Core/Src/freertos.o
                0x080005bc                servo_control
 .text.handle_transmit
                0x080005e8       0xc4 ./Core/Src/freertos.o
                0x080005e8                handle_transmit
 .text.handle_USB_data
                0x080006ac       0x58 ./Core/Src/freertos.o
                0x080006ac                handle_USB_data
 .text.HAL_UART_RxCpltCallback
                0x08000704       0x30 ./Core/Src/freertos.o
                0x08000704                HAL_UART_RxCpltCallback
 .text.HAL_SPI_TxRxCpltCallback
                0x08000734       0x50 ./Core/Src/freertos.o
                0x08000734                HAL_SPI_TxRxCpltCallback
 .text.MX_GPIO_Init
                0x08000784       0xdc ./Core/Src/gpio.o
                0x08000784                MX_GPIO_Init
 .text.main     0x08000860       0x54 ./Core/Src/main.o
                0x08000860                main
 .text.SystemClock_Config
                0x080008b4       0xd8 ./Core/Src/main.o
                0x080008b4                SystemClock_Config
 .text.HAL_TIM_PeriodElapsedCallback
                0x0800098c       0x1e ./Core/Src/main.o
                0x0800098c                HAL_TIM_PeriodElapsedCallback
 .text.Error_Handler
                0x080009aa        0xc ./Core/Src/main.o
                0x080009aa                Error_Handler
 *fill*         0x080009b6        0x2 
 .text.MX_SPI1_Init
                0x080009b8       0x64 ./Core/Src/spi.o
                0x080009b8                MX_SPI1_Init
 .text.HAL_SPI_MspInit
                0x08000a1c       0xa0 ./Core/Src/spi.o
                0x08000a1c                HAL_SPI_MspInit
 .text.HAL_MspInit
                0x08000abc       0x58 ./Core/Src/stm32f4xx_hal_msp.o
                0x08000abc                HAL_MspInit
 .text.HAL_InitTick
                0x08000b14       0xf8 ./Core/Src/stm32f4xx_hal_timebase_tim.o
                0x08000b14                HAL_InitTick
 .text.NMI_Handler
                0x08000c0c        0x8 ./Core/Src/stm32f4xx_it.o
                0x08000c0c                NMI_Handler
 .text.HardFault_Handler
                0x08000c14        0x8 ./Core/Src/stm32f4xx_it.o
                0x08000c14                HardFault_Handler
 .text.MemManage_Handler
                0x08000c1c        0x8 ./Core/Src/stm32f4xx_it.o
                0x08000c1c                MemManage_Handler
 .text.BusFault_Handler
                0x08000c24        0x8 ./Core/Src/stm32f4xx_it.o
                0x08000c24                BusFault_Handler
 .text.UsageFault_Handler
                0x08000c2c        0x8 ./Core/Src/stm32f4xx_it.o
                0x08000c2c                UsageFault_Handler
 .text.DebugMon_Handler
                0x08000c34        0xe ./Core/Src/stm32f4xx_it.o
                0x08000c34                DebugMon_Handler
 *fill*         0x08000c42        0x2 
 .text.TIM1_CC_IRQHandler
                0x08000c44       0x14 ./Core/Src/stm32f4xx_it.o
                0x08000c44                TIM1_CC_IRQHandler
 .text.TIM2_IRQHandler
                0x08000c58       0x14 ./Core/Src/stm32f4xx_it.o
                0x08000c58                TIM2_IRQHandler
 .text.SPI1_IRQHandler
                0x08000c6c       0x14 ./Core/Src/stm32f4xx_it.o
                0x08000c6c                SPI1_IRQHandler
 .text.USART1_IRQHandler
                0x08000c80       0x14 ./Core/Src/stm32f4xx_it.o
                0x08000c80                USART1_IRQHandler
 .text.USART2_IRQHandler
                0x08000c94       0x14 ./Core/Src/stm32f4xx_it.o
                0x08000c94                USART2_IRQHandler
 .text.OTG_FS_IRQHandler
                0x08000ca8       0x14 ./Core/Src/stm32f4xx_it.o
                0x08000ca8                OTG_FS_IRQHandler
 .text.SystemInit
                0x08000cbc       0x24 ./Core/Src/system_stm32f4xx.o
                0x08000cbc                SystemInit
 .text.MX_TIM1_Init
                0x08000ce0      0x108 ./Core/Src/tim.o
                0x08000ce0                MX_TIM1_Init
 .text.HAL_TIM_PWM_MspInit
                0x08000de8       0x50 ./Core/Src/tim.o
                0x08000de8                HAL_TIM_PWM_MspInit
 .text.HAL_TIM_MspPostInit
                0x08000e38       0x74 ./Core/Src/tim.o
                0x08000e38                HAL_TIM_MspPostInit
 .text.MX_USART1_UART_Init
                0x08000eac       0x54 ./Core/Src/usart.o
                0x08000eac                MX_USART1_UART_Init
 .text.MX_USART2_UART_Init
                0x08000f00       0x54 ./Core/Src/usart.o
                0x08000f00                MX_USART2_UART_Init
 .text.HAL_UART_MspInit
                0x08000f54      0x118 ./Core/Src/usart.o
                0x08000f54                HAL_UART_MspInit
 .text.Reset_Handler
                0x0800106c       0x50 ./Core/Startup/startup_stm32f401rctx.o
                0x0800106c                Reset_Handler
 .text.Default_Handler
                0x080010bc        0x2 ./Core/Startup/startup_stm32f401rctx.o
                0x080010bc                RTC_Alarm_IRQHandler
                0x080010bc                EXTI2_IRQHandler
                0x080010bc                SPI4_IRQHandler
                0x080010bc                DMA2_Stream5_IRQHandler
                0x080010bc                DMA1_Stream5_IRQHandler
                0x080010bc                PVD_IRQHandler
                0x080010bc                SDIO_IRQHandler
                0x080010bc                TAMP_STAMP_IRQHandler
                0x080010bc                EXTI3_IRQHandler
                0x080010bc                TIM1_UP_TIM10_IRQHandler
                0x080010bc                I2C3_ER_IRQHandler
                0x080010bc                EXTI0_IRQHandler
                0x080010bc                I2C2_EV_IRQHandler
                0x080010bc                DMA1_Stream2_IRQHandler
                0x080010bc                FPU_IRQHandler
                0x080010bc                DMA2_Stream2_IRQHandler
                0x080010bc                TIM1_BRK_TIM9_IRQHandler
                0x080010bc                DMA2_Stream3_IRQHandler
                0x080010bc                USART6_IRQHandler
                0x080010bc                DMA2_Stream0_IRQHandler
                0x080010bc                TIM4_IRQHandler
                0x080010bc                I2C1_EV_IRQHandler
                0x080010bc                DMA1_Stream6_IRQHandler
                0x080010bc                DMA1_Stream1_IRQHandler
                0x080010bc                TIM3_IRQHandler
                0x080010bc                RCC_IRQHandler
                0x080010bc                Default_Handler
                0x080010bc                EXTI15_10_IRQHandler
                0x080010bc                ADC_IRQHandler
                0x080010bc                DMA1_Stream7_IRQHandler
                0x080010bc                TIM5_IRQHandler
                0x080010bc                DMA2_Stream7_IRQHandler
                0x080010bc                I2C3_EV_IRQHandler
                0x080010bc                EXTI9_5_IRQHandler
                0x080010bc                RTC_WKUP_IRQHandler
                0x080010bc                SPI2_IRQHandler
                0x080010bc                DMA1_Stream0_IRQHandler
                0x080010bc                EXTI4_IRQHandler
                0x080010bc                WWDG_IRQHandler
                0x080010bc                OTG_FS_WKUP_IRQHandler
                0x080010bc                TIM1_TRG_COM_TIM11_IRQHandler
                0x080010bc                EXTI1_IRQHandler
                0x080010bc                I2C2_ER_IRQHandler
                0x080010bc                DMA2_Stream1_IRQHandler
                0x080010bc                FLASH_IRQHandler
                0x080010bc                DMA2_Stream4_IRQHandler
                0x080010bc                SPI3_IRQHandler
                0x080010bc                DMA1_Stream4_IRQHandler
                0x080010bc                I2C1_ER_IRQHandler
                0x080010bc                DMA2_Stream6_IRQHandler
                0x080010bc                DMA1_Stream3_IRQHandler
 *fill*         0x080010be        0x2 
 .text.HAL_Init
                0x080010c0       0x44 ./Drivers/STM32F4xx_HAL_Driver/stm32f4xx_hal.o
                0x080010c0                HAL_Init
 .text.HAL_IncTick
                0x08001104       0x28 ./Drivers/STM32F4xx_HAL_Driver/stm32f4xx_hal.o
                0x08001104                HAL_IncTick
 .text.HAL_GetTick
                0x0800112c       0x18 ./Drivers/STM32F4xx_HAL_Driver/stm32f4xx_hal.o
                0x0800112c                HAL_GetTick
 .text.HAL_Delay
                0x08001144       0x48 ./Drivers/STM32F4xx_HAL_Driver/stm32f4xx_hal.o
                0x08001144                HAL_Delay
 .text.__NVIC_SetPriorityGrouping
                0x0800118c       0x48 ./Drivers/STM32F4xx_HAL_Driver/stm32f4xx_hal_cortex.o
 .text.__NVIC_GetPriorityGrouping
                0x080011d4       0x1c ./Drivers/STM32F4xx_HAL_Driver/stm32f4xx_hal_cortex.o
 .text.__NVIC_EnableIRQ
                0x080011f0       0x3c ./Drivers/STM32F4xx_HAL_Driver/stm32f4xx_hal_cortex.o
 .text.__NVIC_SetPriority
                0x0800122c       0x54 ./Drivers/STM32F4xx_HAL_Driver/stm32f4xx_hal_cortex.o
 .text.NVIC_EncodePriority
                0x08001280       0x66 ./Drivers/STM32F4xx_HAL_Driver/stm32f4xx_hal_cortex.o
 *fill*         0x080012e6        0x2 
 .text.__NVIC_SystemReset
                0x080012e8       0x2c ./Drivers/STM32F4xx_HAL_Driver/stm32f4xx_hal_cortex.o
 .text.HAL_NVIC_SetPriorityGrouping
                0x08001314       0x16 ./Drivers/STM32F4xx_HAL_Driver/stm32f4xx_hal_cortex.o
                0x08001314                HAL_NVIC_SetPriorityGrouping
 .text.HAL_NVIC_SetPriority
                0x0800132a       0x38 ./Drivers/STM32F4xx_HAL_Driver/stm32f4xx_hal_cortex.o
                0x0800132a                HAL_NVIC_SetPriority
 .text.HAL_NVIC_EnableIRQ
                0x08001362       0x1c ./Drivers/STM32F4xx_HAL_Driver/stm32f4xx_hal_cortex.o
                0x08001362                HAL_NVIC_EnableIRQ
 .text.HAL_NVIC_SystemReset
                0x0800137e        0x8 ./Drivers/STM32F4xx_HAL_Driver/stm32f4xx_hal_cortex.o
                0x0800137e                HAL_NVIC_SystemReset
 .text.HAL_DMA_Abort
                0x08001386       0xe0 ./Drivers/STM32F4xx_HAL_Driver/stm32f4xx_hal_dma.o
                0x08001386                HAL_DMA_Abort
 .text.HAL_DMA_Abort_IT
                0x08001466       0x44 ./Drivers/STM32F4xx_HAL_Driver/stm32f4xx_hal_dma.o
                0x08001466                HAL_DMA_Abort_IT
 *fill*         0x080014aa        0x2 
 .text.HAL_GPIO_Init
                0x080014ac      0x308 ./Drivers/STM32F4xx_HAL_Driver/stm32f4xx_hal_gpio.o
                0x080014ac                HAL_GPIO_Init
 .text.HAL_GPIO_ReadPin
                0x080017b4       0x30 ./Drivers/STM32F4xx_HAL_Driver/stm32f4xx_hal_gpio.o
                0x080017b4                HAL_GPIO_ReadPin
 .text.HAL_GPIO_WritePin
                0x080017e4       0x32 ./Drivers/STM32F4xx_HAL_Driver/stm32f4xx_hal_gpio.o
                0x080017e4                HAL_GPIO_WritePin
 .text.HAL_PCD_Init
                0x08001816      0x21e ./Drivers/STM32F4xx_HAL_Driver/stm32f4xx_hal_pcd.o
                0x08001816                HAL_PCD_Init
 .text.HAL_PCD_Start
                0x08001a34       0x6a ./Drivers/STM32F4xx_HAL_Driver/stm32f4xx_hal_pcd.o
                0x08001a34                HAL_PCD_Start
 .text.HAL_PCD_IRQHandler
                0x08001a9e      0x942 ./Drivers/STM32F4xx_HAL_Driver/stm32f4xx_hal_pcd.o
                0x08001a9e                HAL_PCD_IRQHandler
 .text.HAL_PCD_SetAddress
                0x080023e0       0x48 ./Drivers/STM32F4xx_HAL_Driver/stm32f4xx_hal_pcd.o
                0x080023e0                HAL_PCD_SetAddress
 .text.HAL_PCD_EP_Open
                0x08002428       0xd4 ./Drivers/STM32F4xx_HAL_Driver/stm32f4xx_hal_pcd.o
                0x08002428                HAL_PCD_EP_Open
 .text.HAL_PCD_EP_Close
                0x080024fc       0x94 ./Drivers/STM32F4xx_HAL_Driver/stm32f4xx_hal_pcd.o
                0x080024fc                HAL_PCD_EP_Close
 .text.HAL_PCD_EP_Receive
                0x08002590       0x76 ./Drivers/STM32F4xx_HAL_Driver/stm32f4xx_hal_pcd.o
                0x08002590                HAL_PCD_EP_Receive
 .text.HAL_PCD_EP_GetRxCount
                0x08002606       0x30 ./Drivers/STM32F4xx_HAL_Driver/stm32f4xx_hal_pcd.o
                0x08002606                HAL_PCD_EP_GetRxCount
 .text.HAL_PCD_EP_Transmit
                0x08002636       0x74 ./Drivers/STM32F4xx_HAL_Driver/stm32f4xx_hal_pcd.o
                0x08002636                HAL_PCD_EP_Transmit
 .text.HAL_PCD_EP_SetStall
                0x080026aa       0xc6 ./Drivers/STM32F4xx_HAL_Driver/stm32f4xx_hal_pcd.o
                0x080026aa                HAL_PCD_EP_SetStall
 .text.HAL_PCD_EP_ClrStall
                0x08002770       0xac ./Drivers/STM32F4xx_HAL_Driver/stm32f4xx_hal_pcd.o
                0x08002770                HAL_PCD_EP_ClrStall
 .text.HAL_PCD_EP_Abort
                0x0800281c       0x62 ./Drivers/STM32F4xx_HAL_Driver/stm32f4xx_hal_pcd.o
                0x0800281c                HAL_PCD_EP_Abort
 .text.PCD_WriteEmptyTxFifo
                0x0800287e      0x118 ./Drivers/STM32F4xx_HAL_Driver/stm32f4xx_hal_pcd.o
 *fill*         0x08002996        0x2 
 .text.PCD_EP_OutXfrComplete_int
                0x08002998      0x1d0 ./Drivers/STM32F4xx_HAL_Driver/stm32f4xx_hal_pcd.o
 .text.PCD_EP_OutSetupPacket_int
                0x08002b68       0x8c ./Drivers/STM32F4xx_HAL_Driver/stm32f4xx_hal_pcd.o
 .text.HAL_PCDEx_SetTxFiFo
                0x08002bf4       0x8e ./Drivers/STM32F4xx_HAL_Driver/stm32f4xx_hal_pcd_ex.o
                0x08002bf4                HAL_PCDEx_SetTxFiFo
 .text.HAL_PCDEx_SetRxFiFo
                0x08002c82       0x22 ./Drivers/STM32F4xx_HAL_Driver/stm32f4xx_hal_pcd_ex.o
                0x08002c82                HAL_PCDEx_SetRxFiFo
 .text.HAL_PCDEx_LPM_Callback
                0x08002ca4       0x18 ./Drivers/STM32F4xx_HAL_Driver/stm32f4xx_hal_pcd_ex.o
                0x08002ca4                HAL_PCDEx_LPM_Callback
 .text.HAL_RCC_OscConfig
                0x08002cbc      0x4f0 ./Drivers/STM32F4xx_HAL_Driver/stm32f4xx_hal_rcc.o
                0x08002cbc                HAL_RCC_OscConfig
 .text.HAL_RCC_ClockConfig
                0x080031ac      0x1cc ./Drivers/STM32F4xx_HAL_Driver/stm32f4xx_hal_rcc.o
                0x080031ac                HAL_RCC_ClockConfig
 .text.HAL_RCC_GetSysClockFreq
                0x08003378      0x18c ./Drivers/STM32F4xx_HAL_Driver/stm32f4xx_hal_rcc.o
                0x08003378                HAL_RCC_GetSysClockFreq
 .text.HAL_RCC_GetHCLKFreq
                0x08003504       0x18 ./Drivers/STM32F4xx_HAL_Driver/stm32f4xx_hal_rcc.o
                0x08003504                HAL_RCC_GetHCLKFreq
 .text.HAL_RCC_GetPCLK1Freq
                0x0800351c       0x28 ./Drivers/STM32F4xx_HAL_Driver/stm32f4xx_hal_rcc.o
                0x0800351c                HAL_RCC_GetPCLK1Freq
 .text.HAL_RCC_GetPCLK2Freq
                0x08003544       0x28 ./Drivers/STM32F4xx_HAL_Driver/stm32f4xx_hal_rcc.o
                0x08003544                HAL_RCC_GetPCLK2Freq
 .text.HAL_RCC_GetClockConfig
                0x0800356c       0x64 ./Drivers/STM32F4xx_HAL_Driver/stm32f4xx_hal_rcc.o
                0x0800356c                HAL_RCC_GetClockConfig
 .text.HAL_SPI_Init
                0x080035d0      0x112 ./Drivers/STM32F4xx_HAL_Driver/stm32f4xx_hal_spi.o
                0x080035d0                HAL_SPI_Init
 *fill*         0x080036e2        0x2 
 .text.HAL_SPI_Receive_IT
                0x080036e4      0x130 ./Drivers/STM32F4xx_HAL_Driver/stm32f4xx_hal_spi.o
                0x080036e4                HAL_SPI_Receive_IT
 .text.HAL_SPI_TransmitReceive_IT
                0x08003814      0x11c ./Drivers/STM32F4xx_HAL_Driver/stm32f4xx_hal_spi.o
                0x08003814                HAL_SPI_TransmitReceive_IT
 .text.HAL_SPI_IRQHandler
                0x08003930      0x1e8 ./Drivers/STM32F4xx_HAL_Driver/stm32f4xx_hal_spi.o
                0x08003930                HAL_SPI_IRQHandler
 .text.HAL_SPI_RxCpltCallback
                0x08003b18       0x14 ./Drivers/STM32F4xx_HAL_Driver/stm32f4xx_hal_spi.o
                0x08003b18                HAL_SPI_RxCpltCallback
 .text.HAL_SPI_ErrorCallback
                0x08003b2c       0x14 ./Drivers/STM32F4xx_HAL_Driver/stm32f4xx_hal_spi.o
                0x08003b2c                HAL_SPI_ErrorCallback
 .text.SPI_DMAAbortOnError
                0x08003b40       0x28 ./Drivers/STM32F4xx_HAL_Driver/stm32f4xx_hal_spi.o
 .text.SPI_2linesRxISR_8BIT
                0x08003b68       0x64 ./Drivers/STM32F4xx_HAL_Driver/stm32f4xx_hal_spi.o
 .text.SPI_2linesTxISR_8BIT
                0x08003bcc       0x60 ./Drivers/STM32F4xx_HAL_Driver/stm32f4xx_hal_spi.o
 .text.SPI_2linesRxISR_16BIT
                0x08003c2c       0x60 ./Drivers/STM32F4xx_HAL_Driver/stm32f4xx_hal_spi.o
 .text.SPI_2linesTxISR_16BIT
                0x08003c8c       0x5e ./Drivers/STM32F4xx_HAL_Driver/stm32f4xx_hal_spi.o
 .text.SPI_RxISR_8BIT
                0x08003cea       0x4a ./Drivers/STM32F4xx_HAL_Driver/stm32f4xx_hal_spi.o
 .text.SPI_RxISR_16BIT
                0x08003d34       0x46 ./Drivers/STM32F4xx_HAL_Driver/stm32f4xx_hal_spi.o
 *fill*         0x08003d7a        0x2 
 .text.SPI_WaitFlagStateUntilTimeout
                0x08003d7c      0x110 ./Drivers/STM32F4xx_HAL_Driver/stm32f4xx_hal_spi.o
 .text.SPI_EndRxTransaction
                0x08003e8c       0xca ./Drivers/STM32F4xx_HAL_Driver/stm32f4xx_hal_spi.o
 *fill*         0x08003f56        0x2 
 .text.SPI_EndRxTxTransaction
                0x08003f58       0xa8 ./Drivers/STM32F4xx_HAL_Driver/stm32f4xx_hal_spi.o
 .text.SPI_CloseRxTx_ISR
                0x08004000       0xe8 ./Drivers/STM32F4xx_HAL_Driver/stm32f4xx_hal_spi.o
 .text.SPI_CloseRx_ISR
                0x080040e8       0x7e ./Drivers/STM32F4xx_HAL_Driver/stm32f4xx_hal_spi.o
 .text.HAL_TIM_Base_Init
                0x08004166       0x9e ./Drivers/STM32F4xx_HAL_Driver/stm32f4xx_hal_tim.o
                0x08004166                HAL_TIM_Base_Init
 .text.HAL_TIM_Base_MspInit
                0x08004204       0x14 ./Drivers/STM32F4xx_HAL_Driver/stm32f4xx_hal_tim.o
                0x08004204                HAL_TIM_Base_MspInit
 .text.HAL_TIM_Base_Start_IT
                0x08004218       0xc4 ./Drivers/STM32F4xx_HAL_Driver/stm32f4xx_hal_tim.o
                0x08004218                HAL_TIM_Base_Start_IT
 .text.HAL_TIM_PWM_Init
                0x080042dc       0x9e ./Drivers/STM32F4xx_HAL_Driver/stm32f4xx_hal_tim.o
                0x080042dc                HAL_TIM_PWM_Init
 .text.HAL_TIM_IRQHandler
                0x0800437a      0x1e0 ./Drivers/STM32F4xx_HAL_Driver/stm32f4xx_hal_tim.o
                0x0800437a                HAL_TIM_IRQHandler
 *fill*         0x0800455a        0x2 
 .text.HAL_TIM_PWM_ConfigChannel
                0x0800455c      0x184 ./Drivers/STM32F4xx_HAL_Driver/stm32f4xx_hal_tim.o
                0x0800455c                HAL_TIM_PWM_ConfigChannel
 .text.HAL_TIM_OC_DelayElapsedCallback
                0x080046e0       0x14 ./Drivers/STM32F4xx_HAL_Driver/stm32f4xx_hal_tim.o
                0x080046e0                HAL_TIM_OC_DelayElapsedCallback
 .text.HAL_TIM_IC_CaptureCallback
                0x080046f4       0x14 ./Drivers/STM32F4xx_HAL_Driver/stm32f4xx_hal_tim.o
                0x080046f4                HAL_TIM_IC_CaptureCallback
 .text.HAL_TIM_PWM_PulseFinishedCallback
                0x08004708       0x14 ./Drivers/STM32F4xx_HAL_Driver/stm32f4xx_hal_tim.o
                0x08004708                HAL_TIM_PWM_PulseFinishedCallback
 .text.HAL_TIM_TriggerCallback
                0x0800471c       0x14 ./Drivers/STM32F4xx_HAL_Driver/stm32f4xx_hal_tim.o
                0x0800471c                HAL_TIM_TriggerCallback
 .text.TIM_Base_SetConfig
                0x08004730      0x118 ./Drivers/STM32F4xx_HAL_Driver/stm32f4xx_hal_tim.o
                0x08004730                TIM_Base_SetConfig
 .text.TIM_OC1_SetConfig
                0x08004848       0xcc ./Drivers/STM32F4xx_HAL_Driver/stm32f4xx_hal_tim.o
 .text.TIM_OC2_SetConfig
                0x08004914       0xd8 ./Drivers/STM32F4xx_HAL_Driver/stm32f4xx_hal_tim.o
                0x08004914                TIM_OC2_SetConfig
 .text.TIM_OC3_SetConfig
                0x080049ec       0xd4 ./Drivers/STM32F4xx_HAL_Driver/stm32f4xx_hal_tim.o
 .text.TIM_OC4_SetConfig
                0x08004ac0       0xa0 ./Drivers/STM32F4xx_HAL_Driver/stm32f4xx_hal_tim.o
 .text.HAL_TIMEx_MasterConfigSynchronization
                0x08004b60       0xdc ./Drivers/STM32F4xx_HAL_Driver/stm32f4xx_hal_tim_ex.o
                0x08004b60                HAL_TIMEx_MasterConfigSynchronization
 .text.HAL_TIMEx_ConfigBreakDeadTime
                0x08004c3c       0xa4 ./Drivers/STM32F4xx_HAL_Driver/stm32f4xx_hal_tim_ex.o
                0x08004c3c                HAL_TIMEx_ConfigBreakDeadTime
 .text.HAL_TIMEx_CommutCallback
                0x08004ce0       0x14 ./Drivers/STM32F4xx_HAL_Driver/stm32f4xx_hal_tim_ex.o
                0x08004ce0                HAL_TIMEx_CommutCallback
 .text.HAL_TIMEx_BreakCallback
                0x08004cf4       0x14 ./Drivers/STM32F4xx_HAL_Driver/stm32f4xx_hal_tim_ex.o
                0x08004cf4                HAL_TIMEx_BreakCallback
 .text.HAL_UART_Init
                0x08004d08       0xa0 ./Drivers/STM32F4xx_HAL_Driver/stm32f4xx_hal_uart.o
                0x08004d08                HAL_UART_Init
 .text.HAL_UART_Transmit
                0x08004da8      0x116 ./Drivers/STM32F4xx_HAL_Driver/stm32f4xx_hal_uart.o
                0x08004da8                HAL_UART_Transmit
 .text.HAL_UART_Receive_IT
                0x08004ebe       0x4a ./Drivers/STM32F4xx_HAL_Driver/stm32f4xx_hal_uart.o
                0x08004ebe                HAL_UART_Receive_IT
 .text.HAL_UART_IRQHandler
                0x08004f08      0x524 ./Drivers/STM32F4xx_HAL_Driver/stm32f4xx_hal_uart.o
                0x08004f08                HAL_UART_IRQHandler
 .text.HAL_UART_TxCpltCallback
                0x0800542c       0x14 ./Drivers/STM32F4xx_HAL_Driver/stm32f4xx_hal_uart.o
                0x0800542c                HAL_UART_TxCpltCallback
 .text.HAL_UART_ErrorCallback
                0x08005440       0x14 ./Drivers/STM32F4xx_HAL_Driver/stm32f4xx_hal_uart.o
                0x08005440                HAL_UART_ErrorCallback
 .text.HAL_UARTEx_RxEventCallback
                0x08005454       0x18 ./Drivers/STM32F4xx_HAL_Driver/stm32f4xx_hal_uart.o
                0x08005454                HAL_UARTEx_RxEventCallback
 .text.UART_WaitOnFlagUntilTimeout
                0x0800546c       0xb2 ./Drivers/STM32F4xx_HAL_Driver/stm32f4xx_hal_uart.o
 .text.UART_Start_Receive_IT
                0x0800551e       0x74 ./Drivers/STM32F4xx_HAL_Driver/stm32f4xx_hal_uart.o
                0x0800551e                UART_Start_Receive_IT
 .text.UART_EndRxTransfer
                0x08005592       0xc6 ./Drivers/STM32F4xx_HAL_Driver/stm32f4xx_hal_uart.o
 .text.UART_DMAAbortOnError
                0x08005658       0x28 ./Drivers/STM32F4xx_HAL_Driver/stm32f4xx_hal_uart.o
 .text.UART_Transmit_IT
                0x08005680       0xa0 ./Drivers/STM32F4xx_HAL_Driver/stm32f4xx_hal_uart.o
 .text.UART_EndTransmit_IT
                0x08005720       0x30 ./Drivers/STM32F4xx_HAL_Driver/stm32f4xx_hal_uart.o
 .text.UART_Receive_IT
                0x08005750      0x17c ./Drivers/STM32F4xx_HAL_Driver/stm32f4xx_hal_uart.o
 .text.UART_SetConfig
                0x080058cc      0x4e8 ./Drivers/STM32F4xx_HAL_Driver/stm32f4xx_hal_uart.o
 .text.USB_CoreInit
                0x08005db4       0xc8 ./Drivers/STM32F4xx_HAL_Driver/stm32f4xx_ll_usb.o
                0x08005db4                USB_CoreInit
 .text.USB_SetTurnaroundTime
                0x08005e7c      0x144 ./Drivers/STM32F4xx_HAL_Driver/stm32f4xx_ll_usb.o
                0x08005e7c                USB_SetTurnaroundTime
 .text.USB_EnableGlobalInt
                0x08005fc0       0x22 ./Drivers/STM32F4xx_HAL_Driver/stm32f4xx_ll_usb.o
                0x08005fc0                USB_EnableGlobalInt
 .text.USB_DisableGlobalInt
                0x08005fe2       0x22 ./Drivers/STM32F4xx_HAL_Driver/stm32f4xx_ll_usb.o
                0x08005fe2                USB_DisableGlobalInt
 .text.USB_SetCurrentMode
                0x08006004       0x98 ./Drivers/STM32F4xx_HAL_Driver/stm32f4xx_ll_usb.o
                0x08006004                USB_SetCurrentMode
 .text.USB_DevInit
                0x0800609c      0x2c8 ./Drivers/STM32F4xx_HAL_Driver/stm32f4xx_ll_usb.o
                0x0800609c                USB_DevInit
 .text.USB_FlushTxFifo
                0x08006364       0x64 ./Drivers/STM32F4xx_HAL_Driver/stm32f4xx_ll_usb.o
                0x08006364                USB_FlushTxFifo
 .text.USB_FlushRxFifo
                0x080063c8       0x5c ./Drivers/STM32F4xx_HAL_Driver/stm32f4xx_ll_usb.o
                0x080063c8                USB_FlushRxFifo
 .text.USB_SetDevSpeed
                0x08006424       0x32 ./Drivers/STM32F4xx_HAL_Driver/stm32f4xx_ll_usb.o
                0x08006424                USB_SetDevSpeed
 .text.USB_GetDevSpeed
                0x08006456       0x4a ./Drivers/STM32F4xx_HAL_Driver/stm32f4xx_ll_usb.o
                0x08006456                USB_GetDevSpeed
 .text.USB_ActivateEndpoint
                0x080064a0      0x10e ./Drivers/STM32F4xx_HAL_Driver/stm32f4xx_ll_usb.o
                0x080064a0                USB_ActivateEndpoint
 *fill*         0x080065ae        0x2 
 .text.USB_DeactivateEndpoint
                0x080065b0      0x1b8 ./Drivers/STM32F4xx_HAL_Driver/stm32f4xx_ll_usb.o
                0x080065b0                USB_DeactivateEndpoint
 .text.USB_EPStartXfer
                0x08006768      0x53c ./Drivers/STM32F4xx_HAL_Driver/stm32f4xx_ll_usb.o
                0x08006768                USB_EPStartXfer
 .text.USB_EPStopXfer
                0x08006ca4      0x154 ./Drivers/STM32F4xx_HAL_Driver/stm32f4xx_ll_usb.o
                0x08006ca4                USB_EPStopXfer
 .text.USB_WritePacket
                0x08006df8       0x7c ./Drivers/STM32F4xx_HAL_Driver/stm32f4xx_ll_usb.o
                0x08006df8                USB_WritePacket
 .text.USB_ReadPacket
                0x08006e74       0xb0 ./Drivers/STM32F4xx_HAL_Driver/stm32f4xx_ll_usb.o
                0x08006e74                USB_ReadPacket
 .text.USB_EPSetStall
                0x08006f24       0xdc ./Drivers/STM32F4xx_HAL_Driver/stm32f4xx_ll_usb.o
                0x08006f24                USB_EPSetStall
 .text.USB_EPClearStall
                0x08007000       0xcc ./Drivers/STM32F4xx_HAL_Driver/stm32f4xx_ll_usb.o
                0x08007000                USB_EPClearStall
 .text.USB_SetDevAddress
                0x080070cc       0x4c ./Drivers/STM32F4xx_HAL_Driver/stm32f4xx_ll_usb.o
                0x080070cc                USB_SetDevAddress
 .text.USB_DevConnect
                0x08007118       0x42 ./Drivers/STM32F4xx_HAL_Driver/stm32f4xx_ll_usb.o
                0x08007118                USB_DevConnect
 .text.USB_DevDisconnect
                0x0800715a       0x42 ./Drivers/STM32F4xx_HAL_Driver/stm32f4xx_ll_usb.o
                0x0800715a                USB_DevDisconnect
 .text.USB_ReadInterrupts
                0x0800719c       0x26 ./Drivers/STM32F4xx_HAL_Driver/stm32f4xx_ll_usb.o
                0x0800719c                USB_ReadInterrupts
 .text.USB_ReadDevAllOutEpInterrupt
                0x080071c2       0x34 ./Drivers/STM32F4xx_HAL_Driver/stm32f4xx_ll_usb.o
                0x080071c2                USB_ReadDevAllOutEpInterrupt
 .text.USB_ReadDevAllInEpInterrupt
                0x080071f6       0x34 ./Drivers/STM32F4xx_HAL_Driver/stm32f4xx_ll_usb.o
                0x080071f6                USB_ReadDevAllInEpInterrupt
 .text.USB_ReadDevOutEPInterrupt
                0x0800722a       0x3c ./Drivers/STM32F4xx_HAL_Driver/stm32f4xx_ll_usb.o
                0x0800722a                USB_ReadDevOutEPInterrupt
 .text.USB_ReadDevInEPInterrupt
                0x08007266       0x5c ./Drivers/STM32F4xx_HAL_Driver/stm32f4xx_ll_usb.o
                0x08007266                USB_ReadDevInEPInterrupt
 .text.USB_GetMode
                0x080072c2       0x1c ./Drivers/STM32F4xx_HAL_Driver/stm32f4xx_ll_usb.o
                0x080072c2                USB_GetMode
 .text.USB_ActivateSetup
                0x080072de       0x46 ./Drivers/STM32F4xx_HAL_Driver/stm32f4xx_ll_usb.o
                0x080072de                USB_ActivateSetup
 .text.USB_EP0_OutStart
                0x08007324       0xbc ./Drivers/STM32F4xx_HAL_Driver/stm32f4xx_ll_usb.o
                0x08007324                USB_EP0_OutStart
 .text.USB_CoreReset
                0x080073e0       0x62 ./Drivers/STM32F4xx_HAL_Driver/stm32f4xx_ll_usb.o
 *fill*         0x08007442        0x2 
 .text.__NVIC_SetPriority
                0x08007444       0x54 ./Middlewares/FreeRTOS/cmsis_os2.o
 .text.SysTick_Handler
                0x08007498       0x20 ./Middlewares/FreeRTOS/cmsis_os2.o
                0x08007498                SysTick_Handler
 .text.SVC_Setup
                0x080074b8       0x12 ./Middlewares/FreeRTOS/cmsis_os2.o
 *fill*         0x080074ca        0x2 
 .text.osKernelInitialize
                0x080074cc       0x48 ./Middlewares/FreeRTOS/cmsis_os2.o
                0x080074cc                osKernelInitialize
 .text.osKernelStart
                0x08007514       0x4c ./Middlewares/FreeRTOS/cmsis_os2.o
                0x08007514                osKernelStart
 .text.osThreadNew
                0x08007560      0x124 ./Middlewares/FreeRTOS/cmsis_os2.o
                0x08007560                osThreadNew
 .text.osDelay  0x08007684       0x36 ./Middlewares/FreeRTOS/cmsis_os2.o
                0x08007684                osDelay
 .text.osSemaphoreNew
                0x080076ba      0x112 ./Middlewares/FreeRTOS/cmsis_os2.o
                0x080076ba                osSemaphoreNew
 .text.osSemaphoreAcquire
                0x080077cc       0xa4 ./Middlewares/FreeRTOS/cmsis_os2.o
                0x080077cc                osSemaphoreAcquire
 .text.osSemaphoreRelease
                0x08007870       0x88 ./Middlewares/FreeRTOS/cmsis_os2.o
                0x08007870                osSemaphoreRelease
 .text.osMessageQueueNew
                0x080078f8       0xe6 ./Middlewares/FreeRTOS/cmsis_os2.o
                0x080078f8                osMessageQueueNew
 *fill*         0x080079de        0x2 
 .text.osMessageQueuePut
                0x080079e0       0xc0 ./Middlewares/FreeRTOS/cmsis_os2.o
                0x080079e0                osMessageQueuePut
 .text.osMessageQueueGet
                0x08007aa0       0xbc ./Middlewares/FreeRTOS/cmsis_os2.o
                0x08007aa0                osMessageQueueGet
 .text.vApplicationGetIdleTaskMemory
                0x08007b5c       0x34 ./Middlewares/FreeRTOS/cmsis_os2.o
                0x08007b5c                vApplicationGetIdleTaskMemory
 .text.vApplicationGetTimerTaskMemory
                0x08007b90       0x34 ./Middlewares/FreeRTOS/cmsis_os2.o
                0x08007b90                vApplicationGetTimerTaskMemory
 .text.pvPortMalloc
                0x08007bc4      0x19c ./Middlewares/FreeRTOS/heap_4.o
                0x08007bc4                pvPortMalloc
 .text.vPortFree
                0x08007d60       0xc8 ./Middlewares/FreeRTOS/heap_4.o
                0x08007d60                vPortFree
 .text.prvHeapInit
                0x08007e28       0xc4 ./Middlewares/FreeRTOS/heap_4.o
 .text.prvInsertBlockIntoFreeList
                0x08007eec       0xb4 ./Middlewares/FreeRTOS/heap_4.o
 .text.vListInitialise
                0x08007fa0       0x40 ./Middlewares/FreeRTOS/list.o
                0x08007fa0                vListInitialise
 .text.vListInitialiseItem
                0x08007fe0       0x1a ./Middlewares/FreeRTOS/list.o
                0x08007fe0                vListInitialiseItem
 .text.vListInsertEnd
                0x08007ffa       0x48 ./Middlewares/FreeRTOS/list.o
                0x08007ffa                vListInsertEnd
 .text.vListInsert
                0x08008042       0x72 ./Middlewares/FreeRTOS/list.o
                0x08008042                vListInsert
 .text.uxListRemove
                0x080080b4       0x54 ./Middlewares/FreeRTOS/list.o
                0x080080b4                uxListRemove
 .text.pxPortInitialiseStack
                0x08008108       0x68 ./Middlewares/FreeRTOS/port.o
                0x08008108                pxPortInitialiseStack
 .text.prvTaskExitError
                0x08008170       0x5c ./Middlewares/FreeRTOS/port.o
 *fill*         0x080081cc        0x4 
 .text.SVC_Handler
                0x080081d0       0x28 ./Middlewares/FreeRTOS/port.o
                0x080081d0                SVC_Handler
 .text.prvPortStartFirstTask
                0x080081f8       0x28 ./Middlewares/FreeRTOS/port.o
 .text.xPortStartScheduler
                0x08008220      0x148 ./Middlewares/FreeRTOS/port.o
                0x08008220                xPortStartScheduler
 .text.vPortEnterCritical
                0x08008368       0x64 ./Middlewares/FreeRTOS/port.o
                0x08008368                vPortEnterCritical
 .text.vPortExitCritical
                0x080083cc       0x54 ./Middlewares/FreeRTOS/port.o
                0x080083cc                vPortExitCritical
 .text.PendSV_Handler
                0x08008420       0x68 ./Middlewares/FreeRTOS/port.o
                0x08008420                PendSV_Handler
 .text.xPortSysTickHandler
                0x08008488       0x44 ./Middlewares/FreeRTOS/port.o
                0x08008488                xPortSysTickHandler
 .text.vPortSetupTimerInterrupt
                0x080084cc       0x48 ./Middlewares/FreeRTOS/port.o
                0x080084cc                vPortSetupTimerInterrupt
 .text.vPortEnableVFP
                0x08008514       0x14 ./Middlewares/FreeRTOS/port.o
 .text.vPortValidateInterruptPriority
                0x08008528       0x84 ./Middlewares/FreeRTOS/port.o
                0x08008528                vPortValidateInterruptPriority
 .text.xQueueGenericReset
                0x080085ac       0xd4 ./Middlewares/FreeRTOS/queue.o
                0x080085ac                xQueueGenericReset
 .text.xQueueGenericCreateStatic
                0x08008680       0xfa ./Middlewares/FreeRTOS/queue.o
                0x08008680                xQueueGenericCreateStatic
 .text.xQueueGenericCreate
                0x0800877a       0x76 ./Middlewares/FreeRTOS/queue.o
                0x0800877a                xQueueGenericCreate
 .text.prvInitialiseNewQueue
                0x080087f0       0x46 ./Middlewares/FreeRTOS/queue.o
 .text.xQueueCreateCountingSemaphoreStatic
                0x08008836       0x72 ./Middlewares/FreeRTOS/queue.o
                0x08008836                xQueueCreateCountingSemaphoreStatic
 .text.xQueueCreateCountingSemaphore
                0x080088a8       0x6a ./Middlewares/FreeRTOS/queue.o
                0x080088a8                xQueueCreateCountingSemaphore
 *fill*         0x08008912        0x2 
 .text.xQueueGenericSend
                0x08008914      0x204 ./Middlewares/FreeRTOS/queue.o
                0x08008914                xQueueGenericSend
 .text.xQueueGenericSendFromISR
                0x08008b18      0x13c ./Middlewares/FreeRTOS/queue.o
                0x08008b18                xQueueGenericSendFromISR
 .text.xQueueGiveFromISR
                0x08008c54      0x120 ./Middlewares/FreeRTOS/queue.o
                0x08008c54                xQueueGiveFromISR
 .text.xQueueReceive
                0x08008d74      0x1c4 ./Middlewares/FreeRTOS/queue.o
                0x08008d74                xQueueReceive
 .text.xQueueSemaphoreTake
                0x08008f38      0x220 ./Middlewares/FreeRTOS/queue.o
                0x08008f38                xQueueSemaphoreTake
 .text.xQueueReceiveFromISR
                0x08009158      0x104 ./Middlewares/FreeRTOS/queue.o
                0x08009158                xQueueReceiveFromISR
 .text.vQueueDelete
                0x0800925c       0x48 ./Middlewares/FreeRTOS/queue.o
                0x0800925c                vQueueDelete
 .text.prvGetDisinheritPriorityAfterTimeout
                0x080092a4       0x30 ./Middlewares/FreeRTOS/queue.o
 .text.prvCopyDataToQueue
                0x080092d4       0xd4 ./Middlewares/FreeRTOS/queue.o
 .text.prvCopyDataFromQueue
                0x080093a8       0x4c ./Middlewares/FreeRTOS/queue.o
 .text.prvUnlockQueue
                0x080093f4       0xa4 ./Middlewares/FreeRTOS/queue.o
 .text.prvIsQueueEmpty
                0x08009498       0x2c ./Middlewares/FreeRTOS/queue.o
 .text.prvIsQueueFull
                0x080094c4       0x30 ./Middlewares/FreeRTOS/queue.o
 .text.vQueueAddToRegistry
                0x080094f4       0x54 ./Middlewares/FreeRTOS/queue.o
                0x080094f4                vQueueAddToRegistry
 .text.vQueueUnregisterQueue
                0x08009548       0x54 ./Middlewares/FreeRTOS/queue.o
                0x08009548                vQueueUnregisterQueue
 .text.vQueueWaitForMessageRestricted
                0x0800959c       0x68 ./Middlewares/FreeRTOS/queue.o
                0x0800959c                vQueueWaitForMessageRestricted
 .text.xTaskCreateStatic
                0x08009604       0xc0 ./Middlewares/FreeRTOS/tasks.o
                0x08009604                xTaskCreateStatic
 .text.xTaskCreate
                0x080096c4       0x8a ./Middlewares/FreeRTOS/tasks.o
                0x080096c4                xTaskCreate
 *fill*         0x0800974e        0x2 
 .text.prvInitialiseNewTask
                0x08009750      0x150 ./Middlewares/FreeRTOS/tasks.o
 .text.prvAddNewTaskToReadyList
                0x080098a0       0xe0 ./Middlewares/FreeRTOS/tasks.o
 .text.vTaskDelay
                0x08009980       0x6c ./Middlewares/FreeRTOS/tasks.o
                0x08009980                vTaskDelay
 .text.vTaskStartScheduler
                0x080099ec       0xe0 ./Middlewares/FreeRTOS/tasks.o
                0x080099ec                vTaskStartScheduler
 .text.vTaskSuspendAll
                0x08009acc       0x1c ./Middlewares/FreeRTOS/tasks.o
                0x08009acc                vTaskSuspendAll
 .text.xTaskResumeAll
                0x08009ae8      0x13c ./Middlewares/FreeRTOS/tasks.o
                0x08009ae8                xTaskResumeAll
 .text.xTaskGetTickCount
                0x08009c24       0x20 ./Middlewares/FreeRTOS/tasks.o
                0x08009c24                xTaskGetTickCount
 .text.xTaskIncrementTick
                0x08009c44      0x174 ./Middlewares/FreeRTOS/tasks.o
                0x08009c44                xTaskIncrementTick
 .text.vTaskSwitchContext
                0x08009db8       0xcc ./Middlewares/FreeRTOS/tasks.o
                0x08009db8                vTaskSwitchContext
 .text.vTaskPlaceOnEventList
                0x08009e84       0x4c ./Middlewares/FreeRTOS/tasks.o
                0x08009e84                vTaskPlaceOnEventList
 .text.vTaskPlaceOnEventListRestricted
                0x08009ed0       0x58 ./Middlewares/FreeRTOS/tasks.o
                0x08009ed0                vTaskPlaceOnEventListRestricted
 .text.xTaskRemoveFromEventList
                0x08009f28       0xc8 ./Middlewares/FreeRTOS/tasks.o
                0x08009f28                xTaskRemoveFromEventList
 .text.vTaskInternalSetTimeOutState
                0x08009ff0       0x2c ./Middlewares/FreeRTOS/tasks.o
                0x08009ff0                vTaskInternalSetTimeOutState
 .text.xTaskCheckForTimeOut
                0x0800a01c       0xc8 ./Middlewares/FreeRTOS/tasks.o
                0x0800a01c                xTaskCheckForTimeOut
 .text.vTaskMissedYield
                0x0800a0e4       0x18 ./Middlewares/FreeRTOS/tasks.o
                0x0800a0e4                vTaskMissedYield
 .text.prvIdleTask
                0x0800a0fc       0x30 ./Middlewares/FreeRTOS/tasks.o
 .text.prvInitialiseTaskLists
                0x0800a12c       0x80 ./Middlewares/FreeRTOS/tasks.o
 .text.prvCheckTasksWaitingTermination
                0x0800a1ac       0x5c ./Middlewares/FreeRTOS/tasks.o
 .text.prvDeleteTCB
                0x0800a208       0x6a ./Middlewares/FreeRTOS/tasks.o
 *fill*         0x0800a272        0x2 
 .text.prvResetNextTaskUnblockTime
                0x0800a274       0x40 ./Middlewares/FreeRTOS/tasks.o
 .text.xTaskGetSchedulerState
                0x0800a2b4       0x3c ./Middlewares/FreeRTOS/tasks.o
                0x0800a2b4                xTaskGetSchedulerState
 .text.xTaskPriorityInherit
                0x0800a2f0       0xd0 ./Middlewares/FreeRTOS/tasks.o
                0x0800a2f0                xTaskPriorityInherit
 .text.xTaskPriorityDisinherit
                0x0800a3c0       0xe0 ./Middlewares/FreeRTOS/tasks.o
                0x0800a3c0                xTaskPriorityDisinherit
 .text.vTaskPriorityDisinheritAfterTimeout
                0x0800a4a0      0x108 ./Middlewares/FreeRTOS/tasks.o
                0x0800a4a0                vTaskPriorityDisinheritAfterTimeout
 .text.pvTaskIncrementMutexHeldCount
                0x0800a5a8       0x28 ./Middlewares/FreeRTOS/tasks.o
                0x0800a5a8                pvTaskIncrementMutexHeldCount
 .text.prvAddCurrentTaskToDelayedList
                0x0800a5d0       0xa8 ./Middlewares/FreeRTOS/tasks.o
 .text.xTimerCreateTimerTask
                0x0800a678       0x94 ./Middlewares/FreeRTOS/timers.o
                0x0800a678                xTimerCreateTimerTask
 .text.xTimerGenericCommand
                0x0800a70c       0x9c ./Middlewares/FreeRTOS/timers.o
                0x0800a70c                xTimerGenericCommand
 .text.prvProcessExpiredTimer
                0x0800a7a8       0x9c ./Middlewares/FreeRTOS/timers.o
 .text.prvTimerTask
                0x0800a844       0x26 ./Middlewares/FreeRTOS/timers.o
 *fill*         0x0800a86a        0x2 
 .text.prvProcessTimerOrBlockTask
                0x0800a86c       0x9c ./Middlewares/FreeRTOS/timers.o
 .text.prvGetNextExpireTime
                0x0800a908       0x48 ./Middlewares/FreeRTOS/timers.o
 .text.prvSampleTimeNow
                0x0800a950       0x40 ./Middlewares/FreeRTOS/timers.o
 .text.prvInsertTimerInActiveList
                0x0800a990       0x84 ./Middlewares/FreeRTOS/timers.o
 .text.prvProcessReceivedCommands
                0x0800aa14      0x1cc ./Middlewares/FreeRTOS/timers.o
 .text.prvSwitchTimerLists
                0x0800abe0       0xcc ./Middlewares/FreeRTOS/timers.o
 .text.prvCheckForValidListAndQueue
                0x0800acac       0x80 ./Middlewares/FreeRTOS/timers.o
 .text.USBD_CDC_Init
                0x0800ad2c      0x1f0 ./Middlewares/USB_Device_Library/usbd_cdc.o
 .text.USBD_CDC_DeInit
                0x0800af1c      0x104 ./Middlewares/USB_Device_Library/usbd_cdc.o
 .text.USBD_CDC_Setup
                0x0800b020      0x1b8 ./Middlewares/USB_Device_Library/usbd_cdc.o
 .text.USBD_CDC_DataIn
                0x0800b1d8       0xfe ./Middlewares/USB_Device_Library/usbd_cdc.o
 .text.USBD_CDC_DataOut
                0x0800b2d6       0x70 ./Middlewares/USB_Device_Library/usbd_cdc.o
 .text.USBD_CDC_EP0_RxReady
                0x0800b346       0x74 ./Middlewares/USB_Device_Library/usbd_cdc.o
 *fill*         0x0800b3ba        0x2 
 .text.USBD_CDC_GetFSCfgDesc
                0x0800b3bc       0x70 ./Middlewares/USB_Device_Library/usbd_cdc.o
 .text.USBD_CDC_GetHSCfgDesc
                0x0800b42c       0x70 ./Middlewares/USB_Device_Library/usbd_cdc.o
 .text.USBD_CDC_GetOtherSpeedCfgDesc
                0x0800b49c       0x70 ./Middlewares/USB_Device_Library/usbd_cdc.o
 .text.USBD_CDC_GetDeviceQualifierDescriptor
                0x0800b50c       0x20 ./Middlewares/USB_Device_Library/usbd_cdc.o
                0x0800b50c                USBD_CDC_GetDeviceQualifierDescriptor
 .text.USBD_CDC_RegisterInterface
                0x0800b52c       0x34 ./Middlewares/USB_Device_Library/usbd_cdc.o
                0x0800b52c                USBD_CDC_RegisterInterface
 .text.USBD_CDC_SetTxBuffer
                0x0800b560       0x44 ./Middlewares/USB_Device_Library/usbd_cdc.o
                0x0800b560                USBD_CDC_SetTxBuffer
 .text.USBD_CDC_SetRxBuffer
                0x0800b5a4       0x3a ./Middlewares/USB_Device_Library/usbd_cdc.o
                0x0800b5a4                USBD_CDC_SetRxBuffer
 *fill*         0x0800b5de        0x2 
 .text.USBD_CDC_ReceivePacket
                0x0800b5e0       0x6c ./Middlewares/USB_Device_Library/usbd_cdc.o
                0x0800b5e0                USBD_CDC_ReceivePacket
 .text.USBD_Init
                0x0800b64c       0x60 ./Middlewares/USB_Device_Library/usbd_core.o
                0x0800b64c                USBD_Init
 .text.USBD_RegisterClass
                0x0800b6ac       0x6c ./Middlewares/USB_Device_Library/usbd_core.o
                0x0800b6ac                USBD_RegisterClass
 .text.USBD_Start
                0x0800b718       0x18 ./Middlewares/USB_Device_Library/usbd_core.o
                0x0800b718                USBD_Start
 .text.USBD_RunTestMode
                0x0800b730       0x16 ./Middlewares/USB_Device_Library/usbd_core.o
                0x0800b730                USBD_RunTestMode
 .text.USBD_SetClassConfig
                0x0800b746       0x38 ./Middlewares/USB_Device_Library/usbd_core.o
                0x0800b746                USBD_SetClassConfig
 .text.USBD_ClrClassConfig
                0x0800b77e       0x34 ./Middlewares/USB_Device_Library/usbd_core.o
                0x0800b77e                USBD_ClrClassConfig
 .text.USBD_LL_SetupStage
                0x0800b7b2       0xaa ./Middlewares/USB_Device_Library/usbd_core.o
                0x0800b7b2                USBD_LL_SetupStage
 .text.USBD_LL_DataOutStage
                0x0800b85c      0x166 ./Middlewares/USB_Device_Library/usbd_core.o
                0x0800b85c                USBD_LL_DataOutStage
 .text.USBD_LL_DataInStage
                0x0800b9c2      0x164 ./Middlewares/USB_Device_Library/usbd_core.o
                0x0800b9c2                USBD_LL_DataInStage
 .text.USBD_LL_Reset
                0x0800bb26       0xa4 ./Middlewares/USB_Device_Library/usbd_core.o
                0x0800bb26                USBD_LL_Reset
 .text.USBD_LL_SetSpeed
                0x0800bbca       0x20 ./Middlewares/USB_Device_Library/usbd_core.o
                0x0800bbca                USBD_LL_SetSpeed
 .text.USBD_LL_Suspend
                0x0800bbea       0x38 ./Middlewares/USB_Device_Library/usbd_core.o
                0x0800bbea                USBD_LL_Suspend
 .text.USBD_LL_Resume
                0x0800bc22       0x30 ./Middlewares/USB_Device_Library/usbd_core.o
                0x0800bc22                USBD_LL_Resume
 .text.USBD_LL_SOF
                0x0800bc52       0x40 ./Middlewares/USB_Device_Library/usbd_core.o
                0x0800bc52                USBD_LL_SOF
 .text.USBD_LL_IsoINIncomplete
                0x0800bc92       0x64 ./Middlewares/USB_Device_Library/usbd_core.o
                0x0800bc92                USBD_LL_IsoINIncomplete
 .text.USBD_LL_IsoOUTIncomplete
                0x0800bcf6       0x64 ./Middlewares/USB_Device_Library/usbd_core.o
                0x0800bcf6                USBD_LL_IsoOUTIncomplete
 .text.USBD_LL_DevConnected
                0x0800bd5a       0x16 ./Middlewares/USB_Device_Library/usbd_core.o
                0x0800bd5a                USBD_LL_DevConnected
 .text.USBD_LL_DevDisconnected
                0x0800bd70       0x46 ./Middlewares/USB_Device_Library/usbd_core.o
                0x0800bd70                USBD_LL_DevDisconnected
 .text.USBD_CoreFindIF
                0x0800bdb6       0x1a ./Middlewares/USB_Device_Library/usbd_core.o
                0x0800bdb6                USBD_CoreFindIF
 .text.USBD_CoreFindEP
                0x0800bdd0       0x1a ./Middlewares/USB_Device_Library/usbd_core.o
                0x0800bdd0                USBD_CoreFindEP
 .text.USBD_GetEpDesc
                0x0800bdea       0x70 ./Middlewares/USB_Device_Library/usbd_core.o
                0x0800bdea                USBD_GetEpDesc
 .text.USBD_GetNextDesc
                0x0800be5a       0x38 ./Middlewares/USB_Device_Library/usbd_core.o
                0x0800be5a                USBD_GetNextDesc
 .text.SWAPBYTE
                0x0800be92       0x3c ./Middlewares/USB_Device_Library/usbd_ctlreq.o
 *fill*         0x0800bece        0x2 
 .text.USBD_StdDevReq
                0x0800bed0       0xe4 ./Middlewares/USB_Device_Library/usbd_ctlreq.o
                0x0800bed0                USBD_StdDevReq
 .text.USBD_StdItfReq
                0x0800bfb4       0xd8 ./Middlewares/USB_Device_Library/usbd_ctlreq.o
                0x0800bfb4                USBD_StdItfReq
 .text.USBD_StdEPReq
                0x0800c08c      0x33a ./Middlewares/USB_Device_Library/usbd_ctlreq.o
                0x0800c08c                USBD_StdEPReq
 *fill*         0x0800c3c6        0x2 
 .text.USBD_GetDescriptor
                0x0800c3c8      0x2d4 ./Middlewares/USB_Device_Library/usbd_ctlreq.o
 .text.USBD_SetAddress
                0x0800c69c       0x88 ./Middlewares/USB_Device_Library/usbd_ctlreq.o
 .text.USBD_SetConfig
                0x0800c724      0x154 ./Middlewares/USB_Device_Library/usbd_ctlreq.o
 .text.USBD_GetConfig
                0x0800c878       0x6c ./Middlewares/USB_Device_Library/usbd_ctlreq.o
 .text.USBD_GetStatus
                0x0800c8e4       0x68 ./Middlewares/USB_Device_Library/usbd_ctlreq.o
 .text.USBD_SetFeature
                0x0800c94c       0x52 ./Middlewares/USB_Device_Library/usbd_ctlreq.o
 .text.USBD_ClrFeature
                0x0800c99e       0x44 ./Middlewares/USB_Device_Library/usbd_ctlreq.o
 .text.USBD_ParseSetupRequest
                0x0800c9e2       0x74 ./Middlewares/USB_Device_Library/usbd_ctlreq.o
                0x0800c9e2                USBD_ParseSetupRequest
 .text.USBD_CtlError
                0x0800ca56       0x22 ./Middlewares/USB_Device_Library/usbd_ctlreq.o
                0x0800ca56                USBD_CtlError
 .text.USBD_GetString
                0x0800ca78       0xa4 ./Middlewares/USB_Device_Library/usbd_ctlreq.o
                0x0800ca78                USBD_GetString
 .text.USBD_GetLen
                0x0800cb1c       0x34 ./Middlewares/USB_Device_Library/usbd_ctlreq.o
 .text.USBD_CtlSendData
                0x0800cb50       0x36 ./Middlewares/USB_Device_Library/usbd_ioreq.o
                0x0800cb50                USBD_CtlSendData
 .text.USBD_CtlContinueSendData
                0x0800cb86       0x22 ./Middlewares/USB_Device_Library/usbd_ioreq.o
                0x0800cb86                USBD_CtlContinueSendData
 .text.USBD_CtlPrepareRx
                0x0800cba8       0x3a ./Middlewares/USB_Device_Library/usbd_ioreq.o
                0x0800cba8                USBD_CtlPrepareRx
 .text.USBD_CtlContinueRx
                0x0800cbe2       0x22 ./Middlewares/USB_Device_Library/usbd_ioreq.o
                0x0800cbe2                USBD_CtlContinueRx
 .text.USBD_CtlSendStatus
                0x0800cc04       0x26 ./Middlewares/USB_Device_Library/usbd_ioreq.o
                0x0800cc04                USBD_CtlSendStatus
 .text.USBD_CtlReceiveStatus
                0x0800cc2a       0x26 ./Middlewares/USB_Device_Library/usbd_ioreq.o
                0x0800cc2a                USBD_CtlReceiveStatus
 .text.MX_USB_DEVICE_Init
                0x0800cc50       0x60 ./USB_DEVICE/App/usb_device.o
                0x0800cc50                MX_USB_DEVICE_Init
 .text.CDC_Init_FS
                0x0800ccb0       0x28 ./USB_DEVICE/App/usbd_cdc_if.o
 .text.CDC_DeInit_FS
                0x0800ccd8       0x10 ./USB_DEVICE/App/usbd_cdc_if.o
 .text.CDC_Control_FS
                0x0800cce8       0xbc ./USB_DEVICE/App/usbd_cdc_if.o
 .text.CDC_Receive_FS
                0x0800cda4       0x34 ./USB_DEVICE/App/usbd_cdc_if.o
 .text.CDC_TransmitCplt_FS
                0x0800cdd8       0x22 ./USB_DEVICE/App/usbd_cdc_if.o
 *fill*         0x0800cdfa        0x2 
 .text.USBD_FS_DeviceDescriptor
                0x0800cdfc       0x24 ./USB_DEVICE/App/usbd_desc.o
                0x0800cdfc                USBD_FS_DeviceDescriptor
 .text.USBD_FS_LangIDStrDescriptor
                0x0800ce20       0x24 ./USB_DEVICE/App/usbd_desc.o
                0x0800ce20                USBD_FS_LangIDStrDescriptor
 .text.USBD_FS_ProductStrDescriptor
                0x0800ce44       0x3c ./USB_DEVICE/App/usbd_desc.o
                0x0800ce44                USBD_FS_ProductStrDescriptor
 .text.USBD_FS_ManufacturerStrDescriptor
                0x0800ce80       0x28 ./USB_DEVICE/App/usbd_desc.o
                0x0800ce80                USBD_FS_ManufacturerStrDescriptor
 .text.USBD_FS_SerialStrDescriptor
                0x0800cea8       0x24 ./USB_DEVICE/App/usbd_desc.o
                0x0800cea8                USBD_FS_SerialStrDescriptor
 .text.USBD_FS_ConfigStrDescriptor
                0x0800cecc       0x3c ./USB_DEVICE/App/usbd_desc.o
                0x0800cecc                USBD_FS_ConfigStrDescriptor
 .text.USBD_FS_InterfaceStrDescriptor
                0x0800cf08       0x3c ./USB_DEVICE/App/usbd_desc.o
                0x0800cf08                USBD_FS_InterfaceStrDescriptor
 .text.Get_SerialNum
                0x0800cf44       0x58 ./USB_DEVICE/App/usbd_desc.o
 .text.IntToUnicode
                0x0800cf9c       0x7e ./USB_DEVICE/App/usbd_desc.o
 *fill*         0x0800d01a        0x2 
 .text.HAL_PCD_MspInit
                0x0800d01c       0xa8 ./USB_DEVICE/Target/usbd_conf.o
                0x0800d01c                HAL_PCD_MspInit
 .text.HAL_PCD_SetupStageCallback
                0x0800d0c4       0x24 ./USB_DEVICE/Target/usbd_conf.o
                0x0800d0c4                HAL_PCD_SetupStageCallback
 .text.HAL_PCD_DataOutStageCallback
                0x0800d0e8       0x36 ./USB_DEVICE/Target/usbd_conf.o
                0x0800d0e8                HAL_PCD_DataOutStageCallback
 .text.HAL_PCD_DataInStageCallback
                0x0800d11e       0x34 ./USB_DEVICE/Target/usbd_conf.o
                0x0800d11e                HAL_PCD_DataInStageCallback
 .text.HAL_PCD_SOFCallback
                0x0800d152       0x1c ./USB_DEVICE/Target/usbd_conf.o
                0x0800d152                HAL_PCD_SOFCallback
 .text.HAL_PCD_ResetCallback
                0x0800d16e       0x3c ./USB_DEVICE/Target/usbd_conf.o
                0x0800d16e                HAL_PCD_ResetCallback
 *fill*         0x0800d1aa        0x2 
 .text.HAL_PCD_SuspendCallback
                0x0800d1ac       0x4c ./USB_DEVICE/Target/usbd_conf.o
                0x0800d1ac                HAL_PCD_SuspendCallback
 .text.HAL_PCD_ResumeCallback
                0x0800d1f8       0x1c ./USB_DEVICE/Target/usbd_conf.o
                0x0800d1f8                HAL_PCD_ResumeCallback
 .text.HAL_PCD_ISOOUTIncompleteCallback
                0x0800d214       0x24 ./USB_DEVICE/Target/usbd_conf.o
                0x0800d214                HAL_PCD_ISOOUTIncompleteCallback
 .text.HAL_PCD_ISOINIncompleteCallback
                0x0800d238       0x24 ./USB_DEVICE/Target/usbd_conf.o
                0x0800d238                HAL_PCD_ISOINIncompleteCallback
 .text.HAL_PCD_ConnectCallback
                0x0800d25c       0x1c ./USB_DEVICE/Target/usbd_conf.o
                0x0800d25c                HAL_PCD_ConnectCallback
 .text.HAL_PCD_DisconnectCallback
                0x0800d278       0x1c ./USB_DEVICE/Target/usbd_conf.o
                0x0800d278                HAL_PCD_DisconnectCallback
 .text.USBD_LL_Init
                0x0800d294       0x98 ./USB_DEVICE/Target/usbd_conf.o
                0x0800d294                USBD_LL_Init
 .text.USBD_LL_Start
                0x0800d32c       0x36 ./USB_DEVICE/Target/usbd_conf.o
                0x0800d32c                USBD_LL_Start
 .text.USBD_LL_OpenEP
                0x0800d362       0x4c ./USB_DEVICE/Target/usbd_conf.o
                0x0800d362                USBD_LL_OpenEP
 .text.USBD_LL_CloseEP
                0x0800d3ae       0x3e ./USB_DEVICE/Target/usbd_conf.o
                0x0800d3ae                USBD_LL_CloseEP
 .text.USBD_LL_StallEP
                0x0800d3ec       0x3e ./USB_DEVICE/Target/usbd_conf.o
                0x0800d3ec                USBD_LL_StallEP
 .text.USBD_LL_ClearStallEP
                0x0800d42a       0x3e ./USB_DEVICE/Target/usbd_conf.o
                0x0800d42a                USBD_LL_ClearStallEP
 .text.USBD_LL_IsStallEP
                0x0800d468       0x58 ./USB_DEVICE/Target/usbd_conf.o
                0x0800d468                USBD_LL_IsStallEP
 .text.USBD_LL_SetUSBAddress
                0x0800d4c0       0x3e ./USB_DEVICE/Target/usbd_conf.o
                0x0800d4c0                USBD_LL_SetUSBAddress
 .text.USBD_LL_Transmit
                0x0800d4fe       0x42 ./USB_DEVICE/Target/usbd_conf.o
                0x0800d4fe                USBD_LL_Transmit
 .text.USBD_LL_PrepareReceive
                0x0800d540       0x42 ./USB_DEVICE/Target/usbd_conf.o
                0x0800d540                USBD_LL_PrepareReceive
 .text.USBD_LL_GetRxDataSize
                0x0800d582       0x26 ./USB_DEVICE/Target/usbd_conf.o
                0x0800d582                USBD_LL_GetRxDataSize
 .text.USBD_static_malloc
                0x0800d5a8       0x1c ./USB_DEVICE/Target/usbd_conf.o
                0x0800d5a8                USBD_static_malloc
 .text.USBD_static_free
                0x0800d5c4       0x14 ./USB_DEVICE/Target/usbd_conf.o
                0x0800d5c4                USBD_static_free
 .text.USBD_Get_USB_Status
                0x0800d5d8       0x58 ./USB_DEVICE/Target/usbd_conf.o
                0x0800d5d8                USBD_Get_USB_Status
 .text.memset   0x0800d630       0x10 C:/ST/STM32CubeIDE_1.16.0/STM32CubeIDE/plugins/com.st.stm32cube.ide.mcu.externaltools.gnu-tools-for-stm32.12.3.rel1.win32_1.0.200.202406191623/tools/bin/../lib/gcc/arm-none-eabi/12.3.1/../../../../arm-none-eabi/lib/thumb/v7e-m+fp/hard\libc_nano.a(libc_a-memset.o)
                0x0800d630                memset
 .text._reclaim_reent
                0x0800d640       0xac C:/ST/STM32CubeIDE_1.16.0/STM32CubeIDE/plugins/com.st.stm32cube.ide.mcu.externaltools.gnu-tools-for-stm32.12.3.rel1.win32_1.0.200.202406191623/tools/bin/../lib/gcc/arm-none-eabi/12.3.1/../../../../arm-none-eabi/lib/thumb/v7e-m+fp/hard\libc_nano.a(libc_a-reent.o)
                0x0800d640                _reclaim_reent
 .text.__libc_init_array
                0x0800d6ec       0x48 C:/ST/STM32CubeIDE_1.16.0/STM32CubeIDE/plugins/com.st.stm32cube.ide.mcu.externaltools.gnu-tools-for-stm32.12.3.rel1.win32_1.0.200.202406191623/tools/bin/../lib/gcc/arm-none-eabi/12.3.1/../../../../arm-none-eabi/lib/thumb/v7e-m+fp/hard\libc_nano.a(libc_a-init.o)
                0x0800d6ec                __libc_init_array
 .text.__retarget_lock_acquire_recursive
                0x0800d734        0x2 C:/ST/STM32CubeIDE_1.16.0/STM32CubeIDE/plugins/com.st.stm32cube.ide.mcu.externaltools.gnu-tools-for-stm32.12.3.rel1.win32_1.0.200.202406191623/tools/bin/../lib/gcc/arm-none-eabi/12.3.1/../../../../arm-none-eabi/lib/thumb/v7e-m+fp/hard\libc_nano.a(libc_a-lock.o)
                0x0800d734                __retarget_lock_acquire_recursive
 .text.__retarget_lock_release_recursive
                0x0800d736        0x2 C:/ST/STM32CubeIDE_1.16.0/STM32CubeIDE/plugins/com.st.stm32cube.ide.mcu.externaltools.gnu-tools-for-stm32.12.3.rel1.win32_1.0.200.202406191623/tools/bin/../lib/gcc/arm-none-eabi/12.3.1/../../../../arm-none-eabi/lib/thumb/v7e-m+fp/hard\libc_nano.a(libc_a-lock.o)
                0x0800d736                __retarget_lock_release_recursive
 .text.memcpy   0x0800d738       0x1c C:/ST/STM32CubeIDE_1.16.0/STM32CubeIDE/plugins/com.st.stm32cube.ide.mcu.externaltools.gnu-tools-for-stm32.12.3.rel1.win32_1.0.200.202406191623/tools/bin/../lib/gcc/arm-none-eabi/12.3.1/../../../../arm-none-eabi/lib/thumb/v7e-m+fp/hard\libc_nano.a(libc_a-memcpy-stub.o)
                0x0800d738                memcpy
 .text._free_r  0x0800d754       0x94 C:/ST/STM32CubeIDE_1.16.0/STM32CubeIDE/plugins/com.st.stm32cube.ide.mcu.externaltools.gnu-tools-for-stm32.12.3.rel1.win32_1.0.200.202406191623/tools/bin/../lib/gcc/arm-none-eabi/12.3.1/../../../../arm-none-eabi/lib/thumb/v7e-m+fp/hard\libc_nano.a(libc_a-freer.o)
                0x0800d754                _free_r
 .text.__malloc_lock
                0x0800d7e8        0xc C:/ST/STM32CubeIDE_1.16.0/STM32CubeIDE/plugins/com.st.stm32cube.ide.mcu.externaltools.gnu-tools-for-stm32.12.3.rel1.win32_1.0.200.202406191623/tools/bin/../lib/gcc/arm-none-eabi/12.3.1/../../../../arm-none-eabi/lib/thumb/v7e-m+fp/hard\libc_nano.a(libc_a-mlock.o)
                0x0800d7e8                __malloc_lock
 .text.__malloc_unlock
                0x0800d7f4        0xc C:/ST/STM32CubeIDE_1.16.0/STM32CubeIDE/plugins/com.st.stm32cube.ide.mcu.externaltools.gnu-tools-for-stm32.12.3.rel1.win32_1.0.200.202406191623/tools/bin/../lib/gcc/arm-none-eabi/12.3.1/../../../../arm-none-eabi/lib/thumb/v7e-m+fp/hard\libc_nano.a(libc_a-mlock.o)
                0x0800d7f4                __malloc_unlock
 *(.glue_7)
 .glue_7        0x0800d800        0x0 linker stubs
 *(.glue_7t)
 .glue_7t       0x0800d800        0x0 linker stubs
 *(.eh_frame)
 .eh_frame      0x0800d800        0x0 C:/ST/STM32CubeIDE_1.16.0/STM32CubeIDE/plugins/com.st.stm32cube.ide.mcu.externaltools.gnu-tools-for-stm32.12.3.rel1.win32_1.0.200.202406191623/tools/bin/../lib/gcc/arm-none-eabi/12.3.1/thumb/v7e-m+fp/hard/crtbegin.o
 *(.init)
 .init          0x0800d800        0x4 C:/ST/STM32CubeIDE_1.16.0/STM32CubeIDE/plugins/com.st.stm32cube.ide.mcu.externaltools.gnu-tools-for-stm32.12.3.rel1.win32_1.0.200.202406191623/tools/bin/../lib/gcc/arm-none-eabi/12.3.1/thumb/v7e-m+fp/hard/crti.o
                0x0800d800                _init
 .init          0x0800d804        0x8 C:/ST/STM32CubeIDE_1.16.0/STM32CubeIDE/plugins/com.st.stm32cube.ide.mcu.externaltools.gnu-tools-for-stm32.12.3.rel1.win32_1.0.200.202406191623/tools/bin/../lib/gcc/arm-none-eabi/12.3.1/thumb/v7e-m+fp/hard/crtn.o
 *(.fini)
 .fini          0x0800d80c        0x4 C:/ST/STM32CubeIDE_1.16.0/STM32CubeIDE/plugins/com.st.stm32cube.ide.mcu.externaltools.gnu-tools-for-stm32.12.3.rel1.win32_1.0.200.202406191623/tools/bin/../lib/gcc/arm-none-eabi/12.3.1/thumb/v7e-m+fp/hard/crti.o
                0x0800d80c                _fini
 .fini          0x0800d810        0x8 C:/ST/STM32CubeIDE_1.16.0/STM32CubeIDE/plugins/com.st.stm32cube.ide.mcu.externaltools.gnu-tools-for-stm32.12.3.rel1.win32_1.0.200.202406191623/tools/bin/../lib/gcc/arm-none-eabi/12.3.1/thumb/v7e-m+fp/hard/crtn.o
                0x0800d818                        . = ALIGN (0x4)
                0x0800d818                        _etext = .

.vfp11_veneer   0x0800d818        0x0
 .vfp11_veneer  0x0800d818        0x0 linker stubs

.v4_bx          0x0800d818        0x0
 .v4_bx         0x0800d818        0x0 linker stubs

.iplt           0x0800d818        0x0
 .iplt          0x0800d818        0x0 C:/ST/STM32CubeIDE_1.16.0/STM32CubeIDE/plugins/com.st.stm32cube.ide.mcu.externaltools.gnu-tools-for-stm32.12.3.rel1.win32_1.0.200.202406191623/tools/bin/../lib/gcc/arm-none-eabi/12.3.1/thumb/v7e-m+fp/hard/crtbegin.o

.rodata         0x0800d818      0x1b8
                0x0800d818                        . = ALIGN (0x4)
 *(.rodata)
 .rodata        0x0800d818       0x65 ./Core/Src/freertos.o
 *fill*         0x0800d87d        0x3 
 .rodata        0x0800d880        0x5 ./Middlewares/FreeRTOS/tasks.o
 *fill*         0x0800d885        0x3 
 .rodata        0x0800d888        0xd ./Middlewares/FreeRTOS/timers.o
 *fill*         0x0800d895        0x3 
 .rodata        0x0800d898       0x46 ./USB_DEVICE/App/usbd_desc.o
 *(.rodata*)
 *fill*         0x0800d8de        0x2 
 .rodata.defaultTask_attributes
                0x0800d8e0       0x24 ./Core/Src/freertos.o
                0x0800d8e0                defaultTask_attributes
 .rodata.myTask02_attributes
                0x0800d904       0x24 ./Core/Src/freertos.o
                0x0800d904                myTask02_attributes
 .rodata.myTask03_attributes
                0x0800d928       0x24 ./Core/Src/freertos.o
                0x0800d928                myTask03_attributes
 .rodata.myTask04_attributes
                0x0800d94c       0x24 ./Core/Src/freertos.o
                0x0800d94c                myTask04_attributes
 .rodata.SPI_DATA_attributes
                0x0800d970       0x18 ./Core/Src/freertos.o
                0x0800d970                SPI_DATA_attributes
 .rodata.SPI_DATA_REC_attributes
                0x0800d988       0x10 ./Core/Src/freertos.o
                0x0800d988                SPI_DATA_REC_attributes
 .rodata.UART_DATA_TR_attributes
                0x0800d998       0x10 ./Core/Src/freertos.o
                0x0800d998                UART_DATA_TR_attributes
 .rodata.USB_DATA_attributes
                0x0800d9a8       0x10 ./Core/Src/freertos.o
                0x0800d9a8                USB_DATA_attributes
 .rodata.AHBPrescTable
                0x0800d9b8       0x10 ./Core/Src/system_stm32f4xx.o
                0x0800d9b8                AHBPrescTable
 .rodata.APBPrescTable
                0x0800d9c8        0x8 ./Core/Src/system_stm32f4xx.o
                0x0800d9c8                APBPrescTable
                0x0800d9d0                        . = ALIGN (0x4)

.ARM.extab      0x0800d9d0        0x0
                0x0800d9d0                        . = ALIGN (0x4)
 *(.ARM.extab* .gnu.linkonce.armextab.*)
                0x0800d9d0                        . = ALIGN (0x4)

.ARM            0x0800d9d0        0x8
                0x0800d9d0                        . = ALIGN (0x4)
                0x0800d9d0                        __exidx_start = .
 *(.ARM.exidx*)
 .ARM.exidx     0x0800d9d0        0x8 C:/ST/STM32CubeIDE_1.16.0/STM32CubeIDE/plugins/com.st.stm32cube.ide.mcu.externaltools.gnu-tools-for-stm32.12.3.rel1.win32_1.0.200.202406191623/tools/bin/../lib/gcc/arm-none-eabi/12.3.1/thumb/v7e-m+fp/hard\libgcc.a(_udivmoddi4.o)
                0x0800d9d8                        __exidx_end = .
                0x0800d9d8                        . = ALIGN (0x4)

.preinit_array  0x0800d9d8        0x0
                0x0800d9d8                        . = ALIGN (0x4)
                0x0800d9d8                        PROVIDE (__preinit_array_start = .)
 *(.preinit_array*)
                0x0800d9d8                        PROVIDE (__preinit_array_end = .)
                0x0800d9d8                        . = ALIGN (0x4)

.init_array     0x0800d9d8        0x4
                0x0800d9d8                        . = ALIGN (0x4)
                0x0800d9d8                        PROVIDE (__init_array_start = .)
 *(SORT_BY_NAME(.init_array.*))
 *(.init_array*)
 .init_array    0x0800d9d8        0x4 C:/ST/STM32CubeIDE_1.16.0/STM32CubeIDE/plugins/com.st.stm32cube.ide.mcu.externaltools.gnu-tools-for-stm32.12.3.rel1.win32_1.0.200.202406191623/tools/bin/../lib/gcc/arm-none-eabi/12.3.1/thumb/v7e-m+fp/hard/crtbegin.o
                0x0800d9dc                        PROVIDE (__init_array_end = .)
                0x0800d9dc                        . = ALIGN (0x4)

.fini_array     0x0800d9dc        0x4
                0x0800d9dc                        . = ALIGN (0x4)
                [!provide]                        PROVIDE (__fini_array_start = .)
 *(SORT_BY_NAME(.fini_array.*))
 *(.fini_array*)
 .fini_array    0x0800d9dc        0x4 C:/ST/STM32CubeIDE_1.16.0/STM32CubeIDE/plugins/com.st.stm32cube.ide.mcu.externaltools.gnu-tools-for-stm32.12.3.rel1.win32_1.0.200.202406191623/tools/bin/../lib/gcc/arm-none-eabi/12.3.1/thumb/v7e-m+fp/hard/crtbegin.o
                [!provide]                        PROVIDE (__fini_array_end = .)
                0x0800d9e0                        . = ALIGN (0x4)
                0x0800d9e0                        _sidata = LOADADDR (.data)

.rel.dyn        0x0800d9e0        0x0
 .rel.iplt      0x0800d9e0        0x0 C:/ST/STM32CubeIDE_1.16.0/STM32CubeIDE/plugins/com.st.stm32cube.ide.mcu.externaltools.gnu-tools-for-stm32.12.3.rel1.win32_1.0.200.202406191623/tools/bin/../lib/gcc/arm-none-eabi/12.3.1/thumb/v7e-m+fp/hard/crtbegin.o

.data           0x20000000      0x150 load address 0x0800d9e0
                0x20000000                        . = ALIGN (0x4)
                0x20000000                        _sdata = .
 *(.data)
 *(.data*)
 .data.SystemCoreClock
                0x20000000        0x4 ./Core/Src/system_stm32f4xx.o
                0x20000000                SystemCoreClock
 .data.uwTickPrio
                0x20000004        0x4 ./Drivers/STM32F4xx_HAL_Driver/stm32f4xx_hal.o
                0x20000004                uwTickPrio
 .data.uwTickFreq
                0x20000008        0x1 ./Drivers/STM32F4xx_HAL_Driver/stm32f4xx_hal.o
                0x20000008                uwTickFreq
 *fill*         0x20000009        0x3 
 .data.uxCriticalNesting
                0x2000000c        0x4 ./Middlewares/FreeRTOS/port.o
 .data.USBD_CDC_DeviceQualifierDesc
                0x20000010        0xa ./Middlewares/USB_Device_Library/usbd_cdc.o
 *fill*         0x2000001a        0x2 
 .data.USBD_CDC
                0x2000001c       0x38 ./Middlewares/USB_Device_Library/usbd_cdc.o
                0x2000001c                USBD_CDC
 .data.USBD_CDC_CfgDesc
                0x20000054       0x43 ./Middlewares/USB_Device_Library/usbd_cdc.o
 .data.CDCInEpAdd
                0x20000097        0x1 ./Middlewares/USB_Device_Library/usbd_cdc.o
 .data.CDCOutEpAdd
                0x20000098        0x1 ./Middlewares/USB_Device_Library/usbd_cdc.o
 .data.CDCCmdEpAdd
                0x20000099        0x1 ./Middlewares/USB_Device_Library/usbd_cdc.o
 *fill*         0x2000009a        0x2 
 .data.USBD_Interface_fops_FS
                0x2000009c       0x14 ./USB_DEVICE/App/usbd_cdc_if.o
                0x2000009c                USBD_Interface_fops_FS
 .data.FS_Desc  0x200000b0       0x1c ./USB_DEVICE/App/usbd_desc.o
                0x200000b0                FS_Desc
 .data.USBD_FS_DeviceDesc
                0x200000cc       0x12 ./USB_DEVICE/App/usbd_desc.o
                0x200000cc                USBD_FS_DeviceDesc
 *fill*         0x200000de        0x2 
 .data.USBD_LangIDDesc
                0x200000e0        0x4 ./USB_DEVICE/App/usbd_desc.o
                0x200000e0                USBD_LangIDDesc
 .data.USBD_StringSerial
                0x200000e4       0x1a ./USB_DEVICE/App/usbd_desc.o
                0x200000e4                USBD_StringSerial
 *fill*         0x200000fe        0x2 
 .data._impure_ptr
                0x20000100        0x4 C:/ST/STM32CubeIDE_1.16.0/STM32CubeIDE/plugins/com.st.stm32cube.ide.mcu.externaltools.gnu-tools-for-stm32.12.3.rel1.win32_1.0.200.202406191623/tools/bin/../lib/gcc/arm-none-eabi/12.3.1/../../../../arm-none-eabi/lib/thumb/v7e-m+fp/hard\libc_nano.a(libc_a-impure.o)
                0x20000100                _impure_ptr
 .data._impure_data
                0x20000104       0x4c C:/ST/STM32CubeIDE_1.16.0/STM32CubeIDE/plugins/com.st.stm32cube.ide.mcu.externaltools.gnu-tools-for-stm32.12.3.rel1.win32_1.0.200.202406191623/tools/bin/../lib/gcc/arm-none-eabi/12.3.1/../../../../arm-none-eabi/lib/thumb/v7e-m+fp/hard\libc_nano.a(libc_a-impure.o)
                0x20000104                _impure_data
 *(.RamFunc)
 *(.RamFunc*)
                0x20000150                        . = ALIGN (0x4)
                0x20000150                        _edata = .

.igot.plt       0x20000150        0x0 load address 0x0800db30
 .igot.plt      0x20000150        0x0 C:/ST/STM32CubeIDE_1.16.0/STM32CubeIDE/plugins/com.st.stm32cube.ide.mcu.externaltools.gnu-tools-for-stm32.12.3.rel1.win32_1.0.200.202406191623/tools/bin/../lib/gcc/arm-none-eabi/12.3.1/thumb/v7e-m+fp/hard/crtbegin.o
                0x20000150                        . = ALIGN (0x4)

.bss            0x20000150     0x60d0 load address 0x0800db30
                0x20000150                        _sbss = .
                0x20000150                        __bss_start__ = _sbss
 *(.bss)
 .bss           0x20000150       0x1c C:/ST/STM32CubeIDE_1.16.0/STM32CubeIDE/plugins/com.st.stm32cube.ide.mcu.externaltools.gnu-tools-for-stm32.12.3.rel1.win32_1.0.200.202406191623/tools/bin/../lib/gcc/arm-none-eabi/12.3.1/thumb/v7e-m+fp/hard/crtbegin.o
 *(.bss*)
 .bss.data_send_uart1
                0x2000016c        0x1 ./Core/Src/freertos.o
                0x2000016c                data_send_uart1
 .bss.SPI_QUEUE_GET
                0x2000016d        0x1 ./Core/Src/freertos.o
                0x2000016d                SPI_QUEUE_GET
 .bss.previous_state_usb
                0x2000016e        0x1 ./Core/Src/freertos.o
                0x2000016e                previous_state_usb
 .bss.previous_state_stop_condution
                0x2000016f        0x1 ./Core/Src/freertos.o
                0x2000016f                previous_state_stop_condution
 .bss.previous_state_spi
                0x20000170        0x1 ./Core/Src/freertos.o
                0x20000170                previous_state_spi
 *fill*         0x20000171        0x3 
 .bss.defaultTaskHandle
                0x20000174        0x4 ./Core/Src/freertos.o
                0x20000174                defaultTaskHandle
 .bss.myTask02Handle
                0x20000178        0x4 ./Core/Src/freertos.o
                0x20000178                myTask02Handle
 .bss.myTask03Handle
                0x2000017c        0x4 ./Core/Src/freertos.o
                0x2000017c                myTask03Handle
 .bss.myTask04Handle
                0x20000180        0x4 ./Core/Src/freertos.o
                0x20000180                myTask04Handle
 .bss.SPI_DATAHandle
                0x20000184        0x4 ./Core/Src/freertos.o
                0x20000184                SPI_DATAHandle
 .bss.SPI_DATA_RECHandle
                0x20000188        0x4 ./Core/Src/freertos.o
                0x20000188                SPI_DATA_RECHandle
 .bss.UART_DATA_TRHandle
                0x2000018c        0x4 ./Core/Src/freertos.o
                0x2000018c                UART_DATA_TRHandle
 .bss.USB_DATAHandle
                0x20000190        0x4 ./Core/Src/freertos.o
                0x20000190                USB_DATAHandle
 .bss.receive_uart2
                0x20000194        0x1 ./Core/Src/main.o
                0x20000194                receive_uart2
 .bss.SPI_receive
                0x20000195        0x1 ./Core/Src/main.o
                0x20000195                SPI_receive
 .bss.USB_data  0x20000196        0x1 ./Core/Src/main.o
                0x20000196                USB_data
 *fill*         0x20000197        0x1 
 .bss.hspi1     0x20000198       0x58 ./Core/Src/spi.o
                0x20000198                hspi1
 .bss.htim2     0x200001f0       0x48 ./Core/Src/stm32f4xx_hal_timebase_tim.o
                0x200001f0                htim2
 .bss.htim1     0x20000238       0x48 ./Core/Src/tim.o
                0x20000238                htim1
 .bss.huart1    0x20000280       0x48 ./Core/Src/usart.o
                0x20000280                huart1
 .bss.huart2    0x200002c8       0x48 ./Core/Src/usart.o
                0x200002c8                huart2
 .bss.uwTick    0x20000310        0x4 ./Drivers/STM32F4xx_HAL_Driver/stm32f4xx_hal.o
                0x20000310                uwTick
 .bss.KernelState
                0x20000314        0x4 ./Middlewares/FreeRTOS/cmsis_os2.o
 .bss.Idle_TCB.3
                0x20000318       0xa8 ./Middlewares/FreeRTOS/cmsis_os2.o
 .bss.Idle_Stack.2
                0x200003c0      0x200 ./Middlewares/FreeRTOS/cmsis_os2.o
 .bss.Timer_TCB.1
                0x200005c0       0xa8 ./Middlewares/FreeRTOS/cmsis_os2.o
 .bss.Timer_Stack.0
                0x20000668      0x400 ./Middlewares/FreeRTOS/cmsis_os2.o
 .bss.ucHeap    0x20000a68     0x3c00 ./Middlewares/FreeRTOS/heap_4.o
 .bss.xStart    0x20004668        0x8 ./Middlewares/FreeRTOS/heap_4.o
 .bss.pxEnd     0x20004670        0x4 ./Middlewares/FreeRTOS/heap_4.o
 .bss.xFreeBytesRemaining
                0x20004674        0x4 ./Middlewares/FreeRTOS/heap_4.o
 .bss.xMinimumEverFreeBytesRemaining
                0x20004678        0x4 ./Middlewares/FreeRTOS/heap_4.o
 .bss.xNumberOfSuccessfulAllocations
                0x2000467c        0x4 ./Middlewares/FreeRTOS/heap_4.o
 .bss.xNumberOfSuccessfulFrees
                0x20004680        0x4 ./Middlewares/FreeRTOS/heap_4.o
 .bss.xBlockAllocatedBit
                0x20004684        0x4 ./Middlewares/FreeRTOS/heap_4.o
 .bss.ucMaxSysCallPriority
                0x20004688        0x1 ./Middlewares/FreeRTOS/port.o
 *fill*         0x20004689        0x3 
 .bss.ulMaxPRIGROUPValue
                0x2000468c        0x4 ./Middlewares/FreeRTOS/port.o
 .bss.xQueueRegistry
                0x20004690       0x40 ./Middlewares/FreeRTOS/queue.o
                0x20004690                xQueueRegistry
 .bss.pxCurrentTCB
                0x200046d0        0x4 ./Middlewares/FreeRTOS/tasks.o
                0x200046d0                pxCurrentTCB
 .bss.pxReadyTasksLists
                0x200046d4      0x460 ./Middlewares/FreeRTOS/tasks.o
 .bss.xDelayedTaskList1
                0x20004b34       0x14 ./Middlewares/FreeRTOS/tasks.o
 .bss.xDelayedTaskList2
                0x20004b48       0x14 ./Middlewares/FreeRTOS/tasks.o
 .bss.pxDelayedTaskList
                0x20004b5c        0x4 ./Middlewares/FreeRTOS/tasks.o
 .bss.pxOverflowDelayedTaskList
                0x20004b60        0x4 ./Middlewares/FreeRTOS/tasks.o
 .bss.xPendingReadyList
                0x20004b64       0x14 ./Middlewares/FreeRTOS/tasks.o
 .bss.xTasksWaitingTermination
                0x20004b78       0x14 ./Middlewares/FreeRTOS/tasks.o
 .bss.uxDeletedTasksWaitingCleanUp
                0x20004b8c        0x4 ./Middlewares/FreeRTOS/tasks.o
 .bss.xSuspendedTaskList
                0x20004b90       0x14 ./Middlewares/FreeRTOS/tasks.o
 .bss.uxCurrentNumberOfTasks
                0x20004ba4        0x4 ./Middlewares/FreeRTOS/tasks.o
 .bss.xTickCount
                0x20004ba8        0x4 ./Middlewares/FreeRTOS/tasks.o
 .bss.uxTopReadyPriority
                0x20004bac        0x4 ./Middlewares/FreeRTOS/tasks.o
 .bss.xSchedulerRunning
                0x20004bb0        0x4 ./Middlewares/FreeRTOS/tasks.o
 .bss.xPendedTicks
                0x20004bb4        0x4 ./Middlewares/FreeRTOS/tasks.o
 .bss.xYieldPending
                0x20004bb8        0x4 ./Middlewares/FreeRTOS/tasks.o
 .bss.xNumOfOverflows
                0x20004bbc        0x4 ./Middlewares/FreeRTOS/tasks.o
 .bss.uxTaskNumber
                0x20004bc0        0x4 ./Middlewares/FreeRTOS/tasks.o
 .bss.xNextTaskUnblockTime
                0x20004bc4        0x4 ./Middlewares/FreeRTOS/tasks.o
 .bss.xIdleTaskHandle
                0x20004bc8        0x4 ./Middlewares/FreeRTOS/tasks.o
 .bss.uxSchedulerSuspended
                0x20004bcc        0x4 ./Middlewares/FreeRTOS/tasks.o
 .bss.xActiveTimerList1
                0x20004bd0       0x14 ./Middlewares/FreeRTOS/timers.o
 .bss.xActiveTimerList2
                0x20004be4       0x14 ./Middlewares/FreeRTOS/timers.o
 .bss.pxCurrentTimerList
                0x20004bf8        0x4 ./Middlewares/FreeRTOS/timers.o
 .bss.pxOverflowTimerList
                0x20004bfc        0x4 ./Middlewares/FreeRTOS/timers.o
 .bss.xTimerQueue
                0x20004c00        0x4 ./Middlewares/FreeRTOS/timers.o
 .bss.xTimerTaskHandle
                0x20004c04        0x4 ./Middlewares/FreeRTOS/timers.o
 .bss.xLastTime.2
                0x20004c08        0x4 ./Middlewares/FreeRTOS/timers.o
 .bss.ucStaticTimerQueueStorage.1
                0x20004c0c       0xa0 ./Middlewares/FreeRTOS/timers.o
 .bss.xStaticTimerQueue.0
                0x20004cac       0x50 ./Middlewares/FreeRTOS/timers.o
 .bss.cfgidx.0  0x20004cfc        0x1 ./Middlewares/USB_Device_Library/usbd_ctlreq.o
 *fill*         0x20004cfd        0x3 
 .bss.hUsbDeviceFS
                0x20004d00      0x2dc ./USB_DEVICE/App/usb_device.o
                0x20004d00                hUsbDeviceFS
 .bss.UserRxBufferFS
                0x20004fdc      0x400 ./USB_DEVICE/App/usbd_cdc_if.o
                0x20004fdc                UserRxBufferFS
 .bss.UserTxBufferFS
                0x200053dc      0x400 ./USB_DEVICE/App/usbd_cdc_if.o
                0x200053dc                UserTxBufferFS
 .bss.USBD_StrDesc
                0x200057dc      0x200 ./USB_DEVICE/App/usbd_desc.o
                0x200057dc                USBD_StrDesc
 .bss.hpcd_USB_OTG_FS
                0x200059dc      0x4e4 ./USB_DEVICE/Target/usbd_conf.o
                0x200059dc                hpcd_USB_OTG_FS
 .bss.mem.0     0x20005ec0      0x220 ./USB_DEVICE/Target/usbd_conf.o
 .bss.__sf      0x200060e0      0x138 C:/ST/STM32CubeIDE_1.16.0/STM32CubeIDE/plugins/com.st.stm32cube.ide.mcu.externaltools.gnu-tools-for-stm32.12.3.rel1.win32_1.0.200.202406191623/tools/bin/../lib/gcc/arm-none-eabi/12.3.1/../../../../arm-none-eabi/lib/thumb/v7e-m+fp/hard\libc_nano.a(libc_a-findfp.o)
                0x200060e0                __sf
 .bss.__lock___malloc_recursive_mutex
                0x20006218        0x1 C:/ST/STM32CubeIDE_1.16.0/STM32CubeIDE/plugins/com.st.stm32cube.ide.mcu.externaltools.gnu-tools-for-stm32.12.3.rel1.win32_1.0.200.202406191623/tools/bin/../lib/gcc/arm-none-eabi/12.3.1/../../../../arm-none-eabi/lib/thumb/v7e-m+fp/hard\libc_nano.a(libc_a-lock.o)
                0x20006218                __lock___malloc_recursive_mutex
 *fill*         0x20006219        0x3 
 .bss.__malloc_free_list
                0x2000621c        0x4 C:/ST/STM32CubeIDE_1.16.0/STM32CubeIDE/plugins/com.st.stm32cube.ide.mcu.externaltools.gnu-tools-for-stm32.12.3.rel1.win32_1.0.200.202406191623/tools/bin/../lib/gcc/arm-none-eabi/12.3.1/../../../../arm-none-eabi/lib/thumb/v7e-m+fp/hard\libc_nano.a(libc_a-mallocr.o)
                0x2000621c                __malloc_free_list
 *(COMMON)
                0x20006220                        . = ALIGN (0x4)
                0x20006220                        _ebss = .
                0x20006220                        __bss_end__ = _ebss

._user_heap_stack
                0x20006220      0x600 load address 0x0800db30
                0x20006220                        . = ALIGN (0x8)
                [!provide]                        PROVIDE (end = .)
                0x20006220                        PROVIDE (_end = .)
                0x20006420                        . = (. + _Min_Heap_Size)
 *fill*         0x20006220      0x200 
                0x20006820                        . = (. + _Min_Stack_Size)
 *fill*         0x20006420      0x400 
                0x20006820                        . = ALIGN (0x8)

/DISCARD/
 libc.a(*)
 libm.a(*)
 libgcc.a(*)

.ARM.attributes
                0x00000000       0x30
 *(.ARM.attributes)
 .ARM.attributes
                0x00000000       0x22 C:/ST/STM32CubeIDE_1.16.0/STM32CubeIDE/plugins/com.st.stm32cube.ide.mcu.externaltools.gnu-tools-for-stm32.12.3.rel1.win32_1.0.200.202406191623/tools/bin/../lib/gcc/arm-none-eabi/12.3.1/thumb/v7e-m+fp/hard/crti.o
 .ARM.attributes
                0x00000022       0x34 C:/ST/STM32CubeIDE_1.16.0/STM32CubeIDE/plugins/com.st.stm32cube.ide.mcu.externaltools.gnu-tools-for-stm32.12.3.rel1.win32_1.0.200.202406191623/tools/bin/../lib/gcc/arm-none-eabi/12.3.1/thumb/v7e-m+fp/hard/crtbegin.o
 .ARM.attributes
                0x00000056       0x34 ./Core/Src/freertos.o
 .ARM.attributes
                0x0000008a       0x34 ./Core/Src/gpio.o
 .ARM.attributes
                0x000000be       0x34 ./Core/Src/main.o
 .ARM.attributes
                0x000000f2       0x34 ./Core/Src/spi.o
 .ARM.attributes
                0x00000126       0x34 ./Core/Src/stm32f4xx_hal_msp.o
 .ARM.attributes
                0x0000015a       0x34 ./Core/Src/stm32f4xx_hal_timebase_tim.o
 .ARM.attributes
                0x0000018e       0x34 ./Core/Src/stm32f4xx_it.o
 .ARM.attributes
                0x000001c2       0x34 ./Core/Src/system_stm32f4xx.o
 .ARM.attributes
                0x000001f6       0x34 ./Core/Src/tim.o
 .ARM.attributes
                0x0000022a       0x34 ./Core/Src/usart.o
 .ARM.attributes
                0x0000025e       0x21 ./Core/Startup/startup_stm32f401rctx.o
 .ARM.attributes
                0x0000027f       0x34 ./Drivers/STM32F4xx_HAL_Driver/stm32f4xx_hal.o
 .ARM.attributes
                0x000002b3       0x34 ./Drivers/STM32F4xx_HAL_Driver/stm32f4xx_hal_cortex.o
 .ARM.attributes
                0x000002e7       0x34 ./Drivers/STM32F4xx_HAL_Driver/stm32f4xx_hal_dma.o
 .ARM.attributes
                0x0000031b       0x34 ./Drivers/STM32F4xx_HAL_Driver/stm32f4xx_hal_gpio.o
 .ARM.attributes
                0x0000034f       0x34 ./Drivers/STM32F4xx_HAL_Driver/stm32f4xx_hal_pcd.o
 .ARM.attributes
                0x00000383       0x34 ./Drivers/STM32F4xx_HAL_Driver/stm32f4xx_hal_pcd_ex.o
 .ARM.attributes
                0x000003b7       0x34 ./Drivers/STM32F4xx_HAL_Driver/stm32f4xx_hal_rcc.o
 .ARM.attributes
                0x000003eb       0x34 ./Drivers/STM32F4xx_HAL_Driver/stm32f4xx_hal_spi.o
 .ARM.attributes
                0x0000041f       0x34 ./Drivers/STM32F4xx_HAL_Driver/stm32f4xx_hal_tim.o
 .ARM.attributes
                0x00000453       0x34 ./Drivers/STM32F4xx_HAL_Driver/stm32f4xx_hal_tim_ex.o
 .ARM.attributes
                0x00000487       0x34 ./Drivers/STM32F4xx_HAL_Driver/stm32f4xx_hal_uart.o
 .ARM.attributes
                0x000004bb       0x34 ./Drivers/STM32F4xx_HAL_Driver/stm32f4xx_ll_usb.o
 .ARM.attributes
                0x000004ef       0x34 ./Middlewares/FreeRTOS/cmsis_os2.o
 .ARM.attributes
                0x00000523       0x34 ./Middlewares/FreeRTOS/heap_4.o
 .ARM.attributes
                0x00000557       0x34 ./Middlewares/FreeRTOS/list.o
 .ARM.attributes
                0x0000058b       0x34 ./Middlewares/FreeRTOS/port.o
 .ARM.attributes
                0x000005bf       0x34 ./Middlewares/FreeRTOS/queue.o
 .ARM.attributes
                0x000005f3       0x34 ./Middlewares/FreeRTOS/tasks.o
 .ARM.attributes
                0x00000627       0x34 ./Middlewares/FreeRTOS/timers.o
 .ARM.attributes
                0x0000065b       0x34 ./Middlewares/USB_Device_Library/usbd_cdc.o
 .ARM.attributes
                0x0000068f       0x34 ./Middlewares/USB_Device_Library/usbd_core.o
 .ARM.attributes
                0x000006c3       0x34 ./Middlewares/USB_Device_Library/usbd_ctlreq.o
 .ARM.attributes