C:/Users/mokhtar/STM32Cube/Repository/STM32Cube_FW_F4_V1.28.1/Drivers/STM32F4xx_HAL_Driver/Src/stm32f4xx_hal_rcc.c:216:26:HAL_RCC_OscConfig	32	static
C:/Users/mokhtar/STM32Cube/Repository/STM32Cube_FW_F4_V1.28.1/Drivers/STM32F4xx_HAL_Driver/Src/stm32f4xx_hal_rcc.c:588:19:HAL_RCC_ClockConfig	24	static
C:/Users/mokhtar/STM32Cube/Repository/STM32Cube_FW_F4_V1.28.1/Drivers/STM32F4xx_HAL_Driver/Src/stm32f4xx_hal_rcc.c:772:6:HAL_RCC_MCOConfig	56	static
C:/Users/mokhtar/STM32Cube/Repository/STM32Cube_FW_F4_V1.28.1/Drivers/STM32F4xx_HAL_Driver/Src/stm32f4xx_hal_rcc.c:838:6:HAL_RCC_EnableCSS	4	static
C:/Users/mokhtar/STM32Cube/Repository/STM32Cube_FW_F4_V1.28.1/Drivers/STM32F4xx_HAL_Driver/Src/stm32f4xx_hal_rcc.c:847:6:HAL_RCC_DisableCSS	4	static
C:/Users/mokhtar/STM32Cube/Repository/STM32Cube_FW_F4_V1.28.1/Drivers/STM32F4xx_HAL_Driver/Src/stm32f4xx_hal_rcc.c:882:17:HAL_RCC_GetSysClockFreq	96	static
C:/Users/mokhtar/STM32Cube/Repository/STM32Cube_FW_F4_V1.28.1/Drivers/STM32F4xx_HAL_Driver/Src/stm32f4xx_hal_rcc.c:940:10:HAL_RCC_GetHCLKFreq	4	static
C:/Users/mokhtar/STM32Cube/Repository/STM32Cube_FW_F4_V1.28.1/Drivers/STM32F4xx_HAL_Driver/Src/stm32f4xx_hal_rcc.c:951:10:HAL_RCC_GetPCLK1Freq	8	static
C:/Users/mokhtar/STM32Cube/Repository/STM32Cube_FW_F4_V1.28.1/Drivers/STM32F4xx_HAL_Driver/Src/stm32f4xx_hal_rcc.c:963:10:HAL_RCC_GetPCLK2Freq	8	static
C:/Users/mokhtar/STM32Cube/Repository/STM32Cube_FW_F4_V1.28.1/Drivers/STM32F4xx_HAL_Driver/Src/stm32f4xx_hal_rcc.c:976:13:HAL_RCC_GetOscConfig	16	static
C:/Users/mokhtar/STM32Cube/Repository/STM32Cube_FW_F4_V1.28.1/Drivers/STM32F4xx_HAL_Driver/Src/stm32f4xx_hal_rcc.c:1055:6:HAL_RCC_GetClockConfig	16	static
C:/Users/mokhtar/STM32Cube/Repository/STM32Cube_FW_F4_V1.28.1/Drivers/STM32F4xx_HAL_Driver/Src/stm32f4xx_hal_rcc.c:1081:6:HAL_RCC_NMI_IRQHandler	8	static
C:/Users/mokhtar/STM32Cube/Repository/STM32Cube_FW_F4_V1.28.1/Drivers/STM32F4xx_HAL_Driver/Src/stm32f4xx_hal_rcc.c:1098:13:HAL_RCC_CSSCallback	4	static
